Archive member included to satisfy reference by file (symbol)

/usr/local/Cellar/gcc-arm-none-eabi/20180627/bin/../lib/gcc/arm-none-eabi/7.3.1/../../../../arm-none-eabi/lib/thumb/v7-m/libc_nano.a(lib_a-exit.o)
                              /usr/local/Cellar/gcc-arm-none-eabi/20180627/bin/../lib/gcc/arm-none-eabi/7.3.1/../../../../arm-none-eabi/lib/thumb/v7-m/crt0.o (exit)
/usr/local/Cellar/gcc-arm-none-eabi/20180627/bin/../lib/gcc/arm-none-eabi/7.3.1/../../../../arm-none-eabi/lib/thumb/v7-m/libc_nano.a(lib_a-impure.o)
                              /usr/local/Cellar/gcc-arm-none-eabi/20180627/bin/../lib/gcc/arm-none-eabi/7.3.1/../../../../arm-none-eabi/lib/thumb/v7-m/libc_nano.a(lib_a-exit.o) (_global_impure_ptr)
/usr/local/Cellar/gcc-arm-none-eabi/20180627/bin/../lib/gcc/arm-none-eabi/7.3.1/../../../../arm-none-eabi/lib/thumb/v7-m/libc_nano.a(lib_a-init.o)
                              /usr/local/Cellar/gcc-arm-none-eabi/20180627/bin/../lib/gcc/arm-none-eabi/7.3.1/../../../../arm-none-eabi/lib/thumb/v7-m/crt0.o (__libc_init_array)
/usr/local/Cellar/gcc-arm-none-eabi/20180627/bin/../lib/gcc/arm-none-eabi/7.3.1/../../../../arm-none-eabi/lib/thumb/v7-m/libc_nano.a(lib_a-memcmp.o)
                              build/gcode.o (memcmp)
/usr/local/Cellar/gcc-arm-none-eabi/20180627/bin/../lib/gcc/arm-none-eabi/7.3.1/../../../../arm-none-eabi/lib/thumb/v7-m/libc_nano.a(lib_a-memset.o)
                              /usr/local/Cellar/gcc-arm-none-eabi/20180627/bin/../lib/gcc/arm-none-eabi/7.3.1/../../../../arm-none-eabi/lib/thumb/v7-m/crt0.o (memset)
/usr/local/Cellar/gcc-arm-none-eabi/20180627/bin/../lib/gcc/arm-none-eabi/7.3.1/../../../../arm-none-eabi/lib/thumb/v7-m/libc_nano.a(lib_a-sprintf.o)
                              build/lcd-i2c.o (sprintf)
/usr/local/Cellar/gcc-arm-none-eabi/20180627/bin/../lib/gcc/arm-none-eabi/7.3.1/../../../../arm-none-eabi/lib/thumb/v7-m/libc_nano.a(lib_a-nano-svfprintf.o)
                              /usr/local/Cellar/gcc-arm-none-eabi/20180627/bin/../lib/gcc/arm-none-eabi/7.3.1/../../../../arm-none-eabi/lib/thumb/v7-m/libc_nano.a(lib_a-sprintf.o) (_svfprintf_r)
/usr/local/Cellar/gcc-arm-none-eabi/20180627/bin/../lib/gcc/arm-none-eabi/7.3.1/../../../../arm-none-eabi/lib/thumb/v7-m/libc_nano.a(lib_a-nano-vfprintf_i.o)
                              /usr/local/Cellar/gcc-arm-none-eabi/20180627/bin/../lib/gcc/arm-none-eabi/7.3.1/../../../../arm-none-eabi/lib/thumb/v7-m/libc_nano.a(lib_a-nano-svfprintf.o) (_printf_i)
/usr/local/Cellar/gcc-arm-none-eabi/20180627/bin/../lib/gcc/arm-none-eabi/7.3.1/../../../../arm-none-eabi/lib/thumb/v7-m/libc_nano.a(lib_a-memchr-stub.o)
                              /usr/local/Cellar/gcc-arm-none-eabi/20180627/bin/../lib/gcc/arm-none-eabi/7.3.1/../../../../arm-none-eabi/lib/thumb/v7-m/libc_nano.a(lib_a-nano-svfprintf.o) (memchr)
/usr/local/Cellar/gcc-arm-none-eabi/20180627/bin/../lib/gcc/arm-none-eabi/7.3.1/../../../../arm-none-eabi/lib/thumb/v7-m/libc_nano.a(lib_a-memcpy-stub.o)
                              /usr/local/Cellar/gcc-arm-none-eabi/20180627/bin/../lib/gcc/arm-none-eabi/7.3.1/../../../../arm-none-eabi/lib/thumb/v7-m/libc_nano.a(lib_a-nano-svfprintf.o) (memcpy)
/usr/local/Cellar/gcc-arm-none-eabi/20180627/bin/../lib/gcc/arm-none-eabi/7.3.1/../../../../arm-none-eabi/lib/thumb/v7-m/libc_nano.a(lib_a-memmove.o)
                              /usr/local/Cellar/gcc-arm-none-eabi/20180627/bin/../lib/gcc/arm-none-eabi/7.3.1/../../../../arm-none-eabi/lib/thumb/v7-m/libc_nano.a(lib_a-nano-svfprintf.o) (memmove)
/usr/local/Cellar/gcc-arm-none-eabi/20180627/bin/../lib/gcc/arm-none-eabi/7.3.1/../../../../arm-none-eabi/lib/thumb/v7-m/libc_nano.a(lib_a-nano-freer.o)
                              /usr/local/Cellar/gcc-arm-none-eabi/20180627/bin/../lib/gcc/arm-none-eabi/7.3.1/../../../../arm-none-eabi/lib/thumb/v7-m/libc_nano.a(lib_a-nano-svfprintf.o) (_free_r)
/usr/local/Cellar/gcc-arm-none-eabi/20180627/bin/../lib/gcc/arm-none-eabi/7.3.1/../../../../arm-none-eabi/lib/thumb/v7-m/libc_nano.a(lib_a-nano-mallocr.o)
                              /usr/local/Cellar/gcc-arm-none-eabi/20180627/bin/../lib/gcc/arm-none-eabi/7.3.1/../../../../arm-none-eabi/lib/thumb/v7-m/libc_nano.a(lib_a-nano-svfprintf.o) (_malloc_r)
/usr/local/Cellar/gcc-arm-none-eabi/20180627/bin/../lib/gcc/arm-none-eabi/7.3.1/../../../../arm-none-eabi/lib/thumb/v7-m/libc_nano.a(lib_a-nano-reallocr.o)
                              /usr/local/Cellar/gcc-arm-none-eabi/20180627/bin/../lib/gcc/arm-none-eabi/7.3.1/../../../../arm-none-eabi/lib/thumb/v7-m/libc_nano.a(lib_a-nano-svfprintf.o) (_realloc_r)
/usr/local/Cellar/gcc-arm-none-eabi/20180627/bin/../lib/gcc/arm-none-eabi/7.3.1/../../../../arm-none-eabi/lib/thumb/v7-m/libc_nano.a(lib_a-sbrkr.o)
                              /usr/local/Cellar/gcc-arm-none-eabi/20180627/bin/../lib/gcc/arm-none-eabi/7.3.1/../../../../arm-none-eabi/lib/thumb/v7-m/libc_nano.a(lib_a-nano-mallocr.o) (_sbrk_r)
[...]
Memory Configuration

Name             Origin             Length             Attributes
RAM              0x0000000020000000 0x0000000000005000 xrw
FLASH            0x0000000008000000 0x0000000000010000 xr
*default*        0x0000000000000000 0xffffffffffffffff

Linker script and memory map

LOAD /usr/local/Cellar/gcc-arm-none-eabi/20180627/bin/../lib/gcc/arm-none-eabi/7.3.1/thumb/v7-m/crti.o
LOAD /usr/local/Cellar/gcc-arm-none-eabi/20180627/bin/../lib/gcc/arm-none-eabi/7.3.1/thumb/v7-m/crtbegin.o
LOAD /usr/local/Cellar/gcc-arm-none-eabi/20180627/bin/../lib/gcc/arm-none-eabi/7.3.1/../../../../arm-none-eabi/lib/thumb/v7-m/crt0.o
LOAD build/main.o
LOAD build/gpio.o
LOAD build/i2c.o
LOAD build/tim.o
LOAD build/usart.o
LOAD build/stm32f1xx_it.o
LOAD build/stm32f1xx_hal_msp.o
LOAD build/stm32f1xx_hal_gpio_ex.o
LOAD build/stm32f1xx_hal_i2c.o
LOAD build/stm32f1xx_hal.o
LOAD build/stm32f1xx_hal_rcc.o
LOAD build/stm32f1xx_hal_rcc_ex.o
LOAD build/stm32f1xx_hal_gpio.o
LOAD build/stm32f1xx_hal_dma.o
LOAD build/stm32f1xx_hal_cortex.o
LOAD build/stm32f1xx_hal_pwr.o
LOAD build/stm32f1xx_hal_flash.o
LOAD build/stm32f1xx_hal_flash_ex.o
LOAD build/stm32f1xx_hal_exti.o
LOAD build/stm32f1xx_ll_rcc.o
LOAD build/stm32f1xx_ll_utils.o
LOAD build/stm32f1xx_ll_exti.o
LOAD build/stm32f1xx_hal_tim.o
LOAD build/stm32f1xx_hal_tim_ex.o
LOAD build/stm32f1xx_ll_tim.o
LOAD build/stm32f1xx_ll_gpio.o
LOAD build/stm32f1xx_ll_dma.o
LOAD build/stm32f1xx_ll_usart.o
LOAD build/system_stm32f1xx.o
LOAD build/inoutputs.o
LOAD build/lcd-i2c.o
LOAD build/stm32utilities.o
LOAD build/coolant_control.o
LOAD build/eeprom.o
LOAD build/gcode.o
LOAD build/jog.o
LOAD build/limits.o
LOAD build/motion_control.o
LOAD build/nuts_bolts.o
LOAD build/planner.o
LOAD build/print.o
LOAD build/probe.o
LOAD build/protocol.o
LOAD build/report.o
LOAD build/serial.o
LOAD build/settings.o
LOAD build/spindle_control.o
LOAD build/stepper.o
LOAD build/system.o
LOAD build/startup_stm32f103xb.o
LOAD /usr/local/Cellar/gcc-arm-none-eabi/20180627/bin/../lib/gcc/arm-none-eabi/7.3.1/../../../../arm-none-eabi/lib/thumb/v7-m/libc_nano.a
LOAD /usr/local/Cellar/gcc-arm-none-eabi/20180627/bin/../lib/gcc/arm-none-eabi/7.3.1/../../../../arm-none-eabi/lib/thumb/v7-m/libm.a
LOAD /usr/local/Cellar/gcc-arm-none-eabi/20180627/bin/../lib/gcc/arm-none-eabi/7.3.1/../../../../arm-none-eabi/lib/thumb/v7-m/libnosys.a
START GROUP
LOAD /usr/local/Cellar/gcc-arm-none-eabi/20180627/bin/../lib/gcc/arm-none-eabi/7.3.1/thumb/v7-m/libgcc.a
LOAD /usr/local/Cellar/gcc-arm-none-eabi/20180627/bin/../lib/gcc/arm-none-eabi/7.3.1/../../../../arm-none-eabi/lib/thumb/v7-m/libc_nano.a
END GROUP
START GROUP
LOAD /usr/local/Cellar/gcc-arm-none-eabi/20180627/bin/../lib/gcc/arm-none-eabi/7.3.1/thumb/v7-m/libgcc.a
LOAD /usr/local/Cellar/gcc-arm-none-eabi/20180627/bin/../lib/gcc/arm-none-eabi/7.3.1/../../../../arm-none-eabi/lib/thumb/v7-m/libc_nano.a
END GROUP
LOAD /usr/local/Cellar/gcc-arm-none-eabi/20180627/bin/../lib/gcc/arm-none-eabi/7.3.1/thumb/v7-m/crtend.o
LOAD /usr/local/Cellar/gcc-arm-none-eabi/20180627/bin/../lib/gcc/arm-none-eabi/7.3.1/thumb/v7-m/crtn.o
                0x0000000020005000                _estack = 0x20005000
                0x0000000000000200                _Min_Heap_Size = 0x200
                0x0000000000000400                _Min_Stack_Size = 0x400

.isr_vector     0x0000000008000000      0x10c
                0x0000000008000000                . = ALIGN (0x4)
 *(.isr_vector)
 .isr_vector    0x0000000008000000      0x10c build/startup_stm32f103xb.o
                0x0000000008000000                g_pfnVectors
                0x000000000800010c                . = ALIGN (0x4)

.text           0x0000000008000110     0xcbb4
                0x0000000008000110                . = ALIGN (0x4)
 *(.text)
 .text          0x0000000008000110       0x40 /usr/local/Cellar/gcc-arm-none-eabi/20180627/bin/../lib/gcc/arm-none-eabi/7.3.1/thumb/v7-m/crtbegin.o
 .text          0x0000000008000150      0x378 /usr/local/Cellar/gcc-arm-none-eabi/20180627/bin/../lib/gcc/arm-none-eabi/7.3.1/thumb/v7-m/libgcc.a(_arm_addsubdf3.o)
                0x0000000008000150                __aeabi_drsub
                0x0000000008000158                __subdf3
                0x0000000008000158                __aeabi_dsub
                0x000000000800015c                __aeabi_dadd
                0x000000000800015c                __adddf3
                0x00000000080003d4                __aeabi_ui2d
                0x00000000080003d4                __floatunsidf
                0x00000000080003f4                __floatsidf
                0x00000000080003f4                __aeabi_i2d
                0x0000000008000418                __extendsfdf2
                0x0000000008000418                __aeabi_f2d
                0x000000000800045c                __aeabi_ul2d
                0x000000000800045c                __floatundidf
                0x000000000800046c                __aeabi_l2d
                0x000000000800046c                __floatdidf
 .text          0x00000000080004c8      0x424 /usr/local/Cellar/gcc-arm-none-eabi/20180627/bin/../lib/gcc/arm-none-eabi/7.3.1/thumb/v7-m/libgcc.a(_arm_muldivdf3.o)
                0x00000000080004c8                __aeabi_dmul
                0x00000000080004c8                __muldf3
                0x000000000800071c                __aeabi_ddiv
                0x000000000800071c                __divdf3
 .text          0x00000000080008ec      0x110 /usr/local/Cellar/gcc-arm-none-eabi/20180627/bin/../lib/gcc/arm-none-eabi/7.3.1/thumb/v7-m/libgcc.a(_arm_cmpdf2.o)
                0x00000000080008ec                __gedf2
                0x00000000080008ec                __gtdf2
                0x00000000080008f4                __ledf2
                0x00000000080008f4                __ltdf2
                0x00000000080008fc                __cmpdf2
                0x00000000080008fc                __eqdf2
                0x00000000080008fc                __nedf2
                0x0000000008000978                __aeabi_cdrcmple
                0x0000000008000988                __aeabi_cdcmple
                0x0000000008000988                __aeabi_cdcmpeq
                0x0000000008000998                __aeabi_dcmpeq
                0x00000000080009ac                __aeabi_dcmplt
                0x00000000080009c0                __aeabi_dcmple
                0x00000000080009d4                __aeabi_dcmpge
                0x00000000080009e8                __aeabi_dcmpgt
 .text          0x00000000080009fc       0x2c /usr/local/Cellar/gcc-arm-none-eabi/20180627/bin/../lib/gcc/arm-none-eabi/7.3.1/thumb/v7-m/libgcc.a(_arm_unorddf2.o)
                0x00000000080009fc                __aeabi_dcmpun
                0x00000000080009fc                __unorddf2
 .text          0x0000000008000a28       0x50 /usr/local/Cellar/gcc-arm-none-eabi/20180627/bin/../lib/gcc/arm-none-eabi/7.3.1/thumb/v7-m/libgcc.a(_arm_fixdfsi.o)
                0x0000000008000a28                __fixdfsi
                0x0000000008000a28                __aeabi_d2iz
 .text          0x0000000008000a78       0x40 /usr/local/Cellar/gcc-arm-none-eabi/20180627/bin/../lib/gcc/arm-none-eabi/7.3.1/thumb/v7-m/libgcc.a(_arm_fixunsdfsi.o)
                0x0000000008000a78                __fixunsdfsi
                0x0000000008000a78                __aeabi_d2uiz
 .text          0x0000000008000ab8       0xa0 /usr/local/Cellar/gcc-arm-none-eabi/20180627/bin/../lib/gcc/arm-none-eabi/7.3.1/thumb/v7-m/libgcc.a(_arm_truncdfsf2.o)
                0x0000000008000ab8                __aeabi_d2f
                0x0000000008000ab8                __truncdfsf2
 .text          0x0000000008000b58      0x21c /usr/local/Cellar/gcc-arm-none-eabi/20180627/bin/../lib/gcc/arm-none-eabi/7.3.1/thumb/v7-m/libgcc.a(_arm_addsubsf3.o)
                0x0000000008000b58                __aeabi_frsub
                0x0000000008000b60                __aeabi_fsub
                0x0000000008000b60                __subsf3
                0x0000000008000b64                __aeabi_fadd
                0x0000000008000b64                __addsf3
                0x0000000008000cc4                __aeabi_ui2f
                0x0000000008000cc4                __floatunsisf
                0x0000000008000ccc                __floatsisf
                0x0000000008000ccc                __aeabi_i2f
                0x0000000008000ce8                __aeabi_ul2f
                0x0000000008000ce8                __floatundisf
                0x0000000008000cf8                __aeabi_l2f
                0x0000000008000cf8                __floatdisf
 .text          0x0000000008000d74      0x2a0 /usr/local/Cellar/gcc-arm-none-eabi/20180627/bin/../lib/gcc/arm-none-eabi/7.3.1/thumb/v7-m/libgcc.a(_arm_muldivsf3.o)
                0x0000000008000d74                __mulsf3
                0x0000000008000d74                __aeabi_fmul
                0x0000000008000edc                __divsf3
                0x0000000008000edc                __aeabi_fdiv
 .text          0x0000000008001014       0xec /usr/local/Cellar/gcc-arm-none-eabi/20180627/bin/../lib/gcc/arm-none-eabi/7.3.1/thumb/v7-m/libgcc.a(_arm_cmpsf2.o)
                0x0000000008001014                __gesf2
                0x0000000008001014                __gtsf2
                0x000000000800101c                __ltsf2
                0x000000000800101c                __lesf2
                0x0000000008001024                __nesf2
                0x0000000008001024                __eqsf2
                0x0000000008001024                __cmpsf2
                0x0000000008001084                __aeabi_cfrcmple
                0x000000000800108c                __aeabi_cfcmpeq
                0x000000000800108c                __aeabi_cfcmple
                0x000000000800109c                __aeabi_fcmpeq
                0x00000000080010b0                __aeabi_fcmplt
                0x00000000080010c4                __aeabi_fcmple
                0x00000000080010d8                __aeabi_fcmpge
                0x00000000080010ec                __aeabi_fcmpgt
 .text          0x0000000008001100       0x2c /usr/local/Cellar/gcc-arm-none-eabi/20180627/bin/../lib/gcc/arm-none-eabi/7.3.1/thumb/v7-m/libgcc.a(_arm_unordsf2.o)
                0x0000000008001100                __aeabi_fcmpun
                0x0000000008001100                __unordsf2
 .text          0x000000000800112c       0x4c /usr/local/Cellar/gcc-arm-none-eabi/20180627/bin/../lib/gcc/arm-none-eabi/7.3.1/thumb/v7-m/libgcc.a(_arm_fixsfsi.o)
                0x000000000800112c                __fixsfsi
                0x000000000800112c                __aeabi_f2iz
 .text          0x0000000008001178       0x40 /usr/local/Cellar/gcc-arm-none-eabi/20180627/bin/../lib/gcc/arm-none-eabi/7.3.1/thumb/v7-m/libgcc.a(_arm_fixunssfsi.o)
                0x0000000008001178                __aeabi_f2uiz
                0x0000000008001178                __fixunssfsi
 *(.text*)
 .text.SystemClock_Config
                0x00000000080011b8       0x54 build/main.o
                0x00000000080011b8                SystemClock_Config
 .text.startup.main
                0x000000000800120c      0x14c build/main.o
                0x000000000800120c                main
 .text.Error_Handler
                0x0000000008001358        0x4 build/main.o
                0x0000000008001358                Error_Handler
 .text.MX_GPIO_Init
                0x000000000800135c      0x12c build/gpio.o
                0x000000000800135c                MX_GPIO_Init
 .text.MX_I2C1_Init
                0x0000000008001488       0x40 build/i2c.o
                0x0000000008001488                MX_I2C1_Init
 .text.HAL_I2C_MspInit
                0x00000000080014c8       0x78 build/i2c.o
                0x00000000080014c8                HAL_I2C_MspInit
 .text.MX_TIM1_Init
                0x0000000008001540       0xf4 build/tim.o
                0x0000000008001540                MX_TIM1_Init
 .text.MX_TIM2_Init
                0x0000000008001634       0x78 build/tim.o
                0x0000000008001634                MX_TIM2_Init
 .text.MX_TIM3_Init
                0x00000000080016ac       0x78 build/tim.o
                0x00000000080016ac                MX_TIM3_Init
 .text.MX_USART1_UART_Init
                0x0000000008001724       0xc0 build/usart.o
                0x0000000008001724                MX_USART1_UART_Init
 .text.NMI_Handler
                0x00000000080017e4        0x4 build/stm32f1xx_it.o
                0x00000000080017e4                NMI_Handler
 .text.HardFault_Handler
                0x00000000080017e8        0x4 build/stm32f1xx_it.o
                0x00000000080017e8                HardFault_Handler
 .text.MemManage_Handler
                0x00000000080017ec        0x4 build/stm32f1xx_it.o
                0x00000000080017ec                MemManage_Handler
 .text.BusFault_Handler
                0x00000000080017f0        0x4 build/stm32f1xx_it.o
                0x00000000080017f0                BusFault_Handler
 .text.UsageFault_Handler
                0x00000000080017f4        0x4 build/stm32f1xx_it.o
                0x00000000080017f4                UsageFault_Handler
 .text.SVC_Handler
                0x00000000080017f8        0x4 build/stm32f1xx_it.o
                0x00000000080017f8                SVC_Handler
 .text.DebugMon_Handler
                0x00000000080017fc        0x4 build/stm32f1xx_it.o
                0x00000000080017fc                DebugMon_Handler
 .text.PendSV_Handler
                0x0000000008001800        0x4 build/stm32f1xx_it.o
                0x0000000008001800                PendSV_Handler
 .text.SysTick_Handler
                0x0000000008001804        0x4 build/stm32f1xx_it.o
                0x0000000008001804                SysTick_Handler
 .text.EXTI0_IRQHandler
                0x0000000008001808       0x1c build/stm32f1xx_it.o
                0x0000000008001808                EXTI0_IRQHandler
 .text.EXTI1_IRQHandler
                0x0000000008001824       0x1c build/stm32f1xx_it.o
                0x0000000008001824                EXTI1_IRQHandler
 .text.EXTI3_IRQHandler
                0x0000000008001840       0x20 build/stm32f1xx_it.o
                0x0000000008001840                EXTI3_IRQHandler
 .text.EXTI4_IRQHandler
                0x0000000008001860       0x20 build/stm32f1xx_it.o
                0x0000000008001860                EXTI4_IRQHandler
 .text.TIM2_IRQHandler
                0x0000000008001880       0x1c build/stm32f1xx_it.o
                0x0000000008001880                TIM2_IRQHandler
 .text.TIM3_IRQHandler
                0x000000000800189c       0x38 build/stm32f1xx_it.o
                0x000000000800189c                TIM3_IRQHandler
 .text.USART1_IRQHandler
                0x00000000080018d4       0x20 build/stm32f1xx_it.o
                0x00000000080018d4                USART1_IRQHandler
 .text.EXTI15_10_IRQHandler
                0x00000000080018f4       0x30 build/stm32f1xx_it.o
                0x00000000080018f4                EXTI15_10_IRQHandler
 .text.HAL_MspInit
                0x0000000008001924       0x44 build/stm32f1xx_hal_msp.o
                0x0000000008001924                HAL_MspInit
 .text.HAL_I2C_Init
                0x0000000008001968      0x170 build/stm32f1xx_hal_i2c.o
                0x0000000008001968                HAL_I2C_Init
 .text.HAL_InitTick
                0x0000000008001ad8       0x48 build/stm32f1xx_hal.o
                0x0000000008001ad8                HAL_InitTick
 .text.HAL_Init
                0x0000000008001b20       0x24 build/stm32f1xx_hal.o
                0x0000000008001b20                HAL_Init
 .text.HAL_IncTick
                0x0000000008001b44       0x18 build/stm32f1xx_hal.o
                0x0000000008001b44                HAL_IncTick
 .text.HAL_GetTick
                0x0000000008001b5c        0xc build/stm32f1xx_hal.o
                0x0000000008001b5c                HAL_GetTick
 .text.HAL_Delay
                0x0000000008001b68       0x24 build/stm32f1xx_hal.o
                0x0000000008001b68                HAL_Delay
 .text.HAL_RCC_OscConfig
                0x0000000008001b8c      0x3f0 build/stm32f1xx_hal_rcc.o
                0x0000000008001b8c                HAL_RCC_OscConfig
 .text.HAL_RCC_ClockConfig
                0x0000000008001f7c      0x198 build/stm32f1xx_hal_rcc.o
                0x0000000008001f7c                HAL_RCC_ClockConfig
 .text.HAL_RCC_GetPCLK1Freq
                0x0000000008002114       0x20 build/stm32f1xx_hal_rcc.o
                0x0000000008002114                HAL_RCC_GetPCLK1Freq
 .text.HAL_GPIO_Init
                0x0000000008002134      0x1f4 build/stm32f1xx_hal_gpio.o
                0x0000000008002134                HAL_GPIO_Init
 .text.HAL_GPIO_WritePin
                0x0000000008002328        0x8 build/stm32f1xx_hal_gpio.o
                0x0000000008002328                HAL_GPIO_WritePin
 .text.HAL_GPIO_EXTI_Callback
                0x0000000008002330        0x4 build/stm32f1xx_hal_gpio.o
                0x0000000008002330                HAL_GPIO_EXTI_Callback
 .text.HAL_GPIO_EXTI_IRQHandler
                0x0000000008002334       0x18 build/stm32f1xx_hal_gpio.o
                0x0000000008002334                HAL_GPIO_EXTI_IRQHandler
 .text.HAL_NVIC_SetPriorityGrouping
                0x000000000800234c       0x24 build/stm32f1xx_hal_cortex.o
                0x000000000800234c                HAL_NVIC_SetPriorityGrouping
 .text.HAL_NVIC_SetPriority
                0x0000000008002370       0x6c build/stm32f1xx_hal_cortex.o
                0x0000000008002370                HAL_NVIC_SetPriority
 .text.HAL_NVIC_EnableIRQ
                0x00000000080023dc       0x1c build/stm32f1xx_hal_cortex.o
                0x00000000080023dc                HAL_NVIC_EnableIRQ
 .text.HAL_SYSTICK_Config
                0x00000000080023f8       0x30 build/stm32f1xx_hal_cortex.o
                0x00000000080023f8                HAL_SYSTICK_Config
 .text.HAL_NVIC_ClearPendingIRQ
                0x0000000008002428       0x1c build/stm32f1xx_hal_cortex.o
                0x0000000008002428                HAL_NVIC_ClearPendingIRQ
 .text.HAL_FLASH_Program
                0x0000000008002444      0x1c8 build/stm32f1xx_hal_flash.o
                0x0000000008002444                HAL_FLASH_Program
 .text.HAL_FLASH_Unlock
                0x000000000800260c       0x28 build/stm32f1xx_hal_flash.o
                0x000000000800260c                HAL_FLASH_Unlock
 .text.HAL_FLASH_Lock
                0x0000000008002634       0x14 build/stm32f1xx_hal_flash.o
                0x0000000008002634                HAL_FLASH_Lock
 .text.FLASH_WaitForLastOperation
                0x0000000008002648       0xb8 build/stm32f1xx_hal_flash.o
                0x0000000008002648                FLASH_WaitForLastOperation
 .text.FLASH_PageErase
                0x0000000008002700       0x24 build/stm32f1xx_hal_flash_ex.o
                0x0000000008002700                FLASH_PageErase
 .text.LL_RCC_GetSystemClocksFreq
                0x0000000008002724       0x80 build/stm32f1xx_ll_rcc.o
                0x0000000008002724                LL_RCC_GetSystemClocksFreq
 .text.LL_TIM_Init
                0x00000000080027a4       0x6c build/stm32f1xx_ll_tim.o
                0x00000000080027a4                LL_TIM_Init
 .text.LL_TIM_OC_Init
                0x0000000008002810      0x1b4 build/stm32f1xx_ll_tim.o
                0x0000000008002810                LL_TIM_OC_Init
 .text.LL_TIM_BDTR_Init
                0x00000000080029c4       0x38 build/stm32f1xx_ll_tim.o
                0x00000000080029c4                LL_TIM_BDTR_Init
 .text.LL_GPIO_Init
                0x00000000080029fc      0x10c build/stm32f1xx_ll_gpio.o
                0x00000000080029fc                LL_GPIO_Init
 .text.LL_USART_Init
                0x0000000008002b08       0xb4 build/stm32f1xx_ll_usart.o
                0x0000000008002b08                LL_USART_Init
 .text.SystemInit
                0x0000000008002bbc       0x50 build/system_stm32f1xx.o
                0x0000000008002bbc                SystemInit
 .text.inoutputs_init
                0x0000000008002c0c       0x30 build/inoutputs.o
                0x0000000008002c0c                inoutputs_init
 .text.outputs_digital_action
                0x0000000008002c3c       0x9c build/inoutputs.o
                0x0000000008002c3c                outputs_digital_action
 .text.outputs_analog_init
                0x0000000008002cd8        0x4 build/inoutputs.o
                0x0000000008002cd8                outputs_analog_init
 .text.outputs_analog_action
                0x0000000008002cdc        0x4 build/inoutputs.o
                0x0000000008002cdc                outputs_analog_action
 .text.wait_on_input_action
                0x0000000008002ce0        0x4 build/inoutputs.o
                0x0000000008002ce0                wait_on_input_action
 .text.timing_init
                0x0000000008002ce4       0x38 build/stm32utilities.o
                0x0000000008002ce4                timing_init
 .text.uart_init
                0x0000000008002d1c       0x50 build/stm32utilities.o
                0x0000000008002d1c                uart_init
 .text.uart_sendch
                0x0000000008002d6c       0x14 build/stm32utilities.o
                0x0000000008002d6c                uart_sendch
 .text.Spindle_Disable
                0x0000000008002d80       0x34 build/stm32utilities.o
                0x0000000008002d80                Spindle_Disable
 .text.Spindle_Enable
                0x0000000008002db4       0x30 build/stm32utilities.o
                0x0000000008002db4                Spindle_Enable
 .text.GPIO_ResetBits
                0x0000000008002de4        0x8 build/stm32utilities.o
                0x0000000008002de4                GPIO_ResetBits
 .text.GPIO_SetBits
                0x0000000008002dec        0x8 build/stm32utilities.o
                0x0000000008002dec                GPIO_SetBits
 .text.coolant_init
                0x0000000008002df4       0x20 build/coolant_control.o
                0x0000000008002df4                coolant_init
 .text.coolant_get_state
                0x0000000008002e14       0x18 build/coolant_control.o
                0x0000000008002e14                coolant_get_state
 .text.coolant_stop
                0x0000000008002e2c       0x20 build/coolant_control.o
                0x0000000008002e2c                coolant_stop
 .text.coolant_set_state
                0x0000000008002e4c       0x50 build/coolant_control.o
                0x0000000008002e4c                coolant_set_state
 .text.coolant_sync
                0x0000000008002e9c       0x5c build/coolant_control.o
                0x0000000008002e9c                coolant_sync
 .text.eeprom_init
                0x0000000008002ef8       0x3c build/eeprom.o
                0x0000000008002ef8                eeprom_init
 .text.eeprom_get_char
                0x0000000008002f34        0xc build/eeprom.o
                0x0000000008002f34                eeprom_get_char
 .text.eeprom_put_char
                0x0000000008002f40        0xc build/eeprom.o
                0x0000000008002f40                eeprom_put_char
 .text.memcpy_to_eeprom_with_checksum
                0x0000000008002f4c       0xc0 build/eeprom.o
                0x0000000008002f4c                memcpy_to_eeprom_with_checksum
 .text.memcpy_from_eeprom_with_checksum
                0x000000000800300c       0x54 build/eeprom.o
                0x000000000800300c                memcpy_from_eeprom_with_checksum
 .text.gc_init  0x0000000008003060       0x2c build/gcode.o
                0x0000000008003060                gc_init
 .text.gc_sync_position
                0x000000000800308c       0x10 build/gcode.o
                0x000000000800308c                gc_sync_position
 *fill*         0x000000000800309c        0x4 
 .text.gc_execute_line
                0x00000000080030a0     0x13b0 build/gcode.o
                0x00000000080030a0                gc_execute_line
 .text.jog_execute
                0x0000000008004450       0x60 build/jog.o
                0x0000000008004450                jog_execute
 .text.limits_init
                0x00000000080044b0       0x28 build/limits.o
                0x00000000080044b0                limits_init
 .text.limits_disable
                0x00000000080044d8       0x18 build/limits.o
                0x00000000080044d8                limits_disable
 .text.limits_get_state
                0x00000000080044f0       0x4c build/limits.o
                0x00000000080044f0                limits_get_state
 .text.HandleLimitIT
                0x000000000800453c       0x68 build/limits.o
                0x000000000800453c                HandleLimitIT
 .text.limits_go_home
                0x00000000080045a4      0x3bc build/limits.o
                0x00000000080045a4                limits_go_home
 .text.limits_soft_check
                0x0000000008004960       0x44 build/limits.o
                0x0000000008004960                limits_soft_check
 .text.mc_line  0x00000000080049a4       0x68 build/motion_control.o
                0x00000000080049a4                mc_line
 *fill*         0x0000000008004a0c        0x4 
 .text.mc_arc   0x0000000008004a10      0x434 build/motion_control.o
                0x0000000008004a10                mc_arc
 .text.mc_dwell
                0x0000000008004e44       0x24 build/motion_control.o
                0x0000000008004e44                mc_dwell
 .text.mc_homing_cycle
                0x0000000008004e68       0x5c build/motion_control.o
                0x0000000008004e68                mc_homing_cycle
 .text.mc_probe_cycle
                0x0000000008004ec4      0x124 build/motion_control.o
                0x0000000008004ec4                mc_probe_cycle
 .text.mc_reset
                0x0000000008004fe8       0x64 build/motion_control.o
                0x0000000008004fe8                mc_reset
 *fill*         0x000000000800504c        0x4 
 .text.read_float
                0x0000000008005050      0x124 build/nuts_bolts.o
                0x0000000008005050                read_float
 .text.delay_sec
                0x0000000008005174       0x74 build/nuts_bolts.o
                0x0000000008005174                delay_sec
 .text.delay_ms
                0x00000000080051e8       0x3c build/nuts_bolts.o
                0x00000000080051e8                delay_ms
 .text.hypot_f  0x0000000008005224       0x24 build/nuts_bolts.o
                0x0000000008005224                hypot_f
 .text.convert_delta_vector_to_unit_vector
                0x0000000008005248       0x98 build/nuts_bolts.o
                0x0000000008005248                convert_delta_vector_to_unit_vector
 .text.limit_value_by_axis_maximum
                0x00000000080052e0       0x7c build/nuts_bolts.o
                0x00000000080052e0                limit_value_by_axis_maximum
 .text.planner_recalculate
                0x000000000800535c      0x1c4 build/planner.o
 .text.plan_reset
                0x0000000008005520       0x40 build/planner.o
                0x0000000008005520                plan_reset
 .text.plan_discard_current_block
                0x0000000008005560       0x38 build/planner.o
                0x0000000008005560                plan_discard_current_block
 .text.plan_get_system_motion_block
                0x0000000008005598       0x18 build/planner.o
                0x0000000008005598                plan_get_system_motion_block
 .text.plan_get_current_block
                0x00000000080055b0       0x24 build/planner.o
                0x00000000080055b0                plan_get_current_block
 .text.plan_get_exec_block_exit_speed_sqr
                0x00000000080055d4       0x34 build/planner.o
                0x00000000080055d4                plan_get_exec_block_exit_speed_sqr
 .text.plan_check_full_buffer
                0x0000000008005608       0x1c build/planner.o
                0x0000000008005608                plan_check_full_buffer
 *fill*         0x0000000008005624        0x4 
 .text.plan_compute_profile_nominal_speed
                0x0000000008005628       0xa4 build/planner.o
                0x0000000008005628                plan_compute_profile_nominal_speed
 *fill*         0x00000000080056cc        0x4 
 .text.plan_update_velocity_profile_parameters
                0x00000000080056d0      0x128 build/planner.o
                0x00000000080056d0                plan_update_velocity_profile_parameters
 .text.plan_buffer_line
                0x00000000080057f8      0x404 build/planner.o
                0x00000000080057f8                plan_buffer_line
 .text.plan_sync_position
                0x0000000008005bfc       0x1c build/planner.o
                0x0000000008005bfc                plan_sync_position
 .text.plan_get_block_buffer_available
                0x0000000008005c18       0x24 build/planner.o
                0x0000000008005c18                plan_get_block_buffer_available
 .text.plan_cycle_reinitialize
                0x0000000008005c3c       0x20 build/planner.o
                0x0000000008005c3c                plan_cycle_reinitialize
 .text.printString
                0x0000000008005c5c       0x18 build/print.o
                0x0000000008005c5c                printString
 .text.print_uint8_base10
                0x0000000008005c74       0x84 build/print.o
                0x0000000008005c74                print_uint8_base10
 .text.printFloat
                0x0000000008005cf8      0x1e0 build/print.o
                0x0000000008005cf8                printFloat
 .text.printFloat_CoordValue
                0x0000000008005ed8      0x200 build/print.o
                0x0000000008005ed8                printFloat_CoordValue
 .text.printFloat_RateValue
                0x00000000080060d8      0x154 build/print.o
                0x00000000080060d8                printFloat_RateValue
 .text.probe_init
                0x000000000800622c       0x20 build/probe.o
                0x000000000800622c                probe_init
 .text.probe_configure_invert_mask
                0x000000000800624c       0x28 build/probe.o
                0x000000000800624c                probe_configure_invert_mask
 .text.probe_get_state
                0x0000000008006274       0x20 build/probe.o
                0x0000000008006274                probe_get_state
 .text.probe_state_monitor
                0x0000000008006294       0x4c build/probe.o
                0x0000000008006294                probe_state_monitor
 .text.protocol_auto_cycle_start
                0x00000000080062e0       0x14 build/protocol.o
                0x00000000080062e0                protocol_auto_cycle_start
 .text.protocol_exec_rt_system
                0x00000000080062f4      0x3cc build/protocol.o
                0x00000000080062f4                protocol_exec_rt_system
 .text.protocol_exec_rt_suspend
                0x00000000080066c0      0x630 build/protocol.o
 .text.protocol_execute_realtime
                0x0000000008006cf0      0x3dc build/protocol.o
                0x0000000008006cf0                protocol_execute_realtime
 .text.protocol_buffer_synchronize
                0x00000000080070cc      0x448 build/protocol.o
                0x00000000080070cc                protocol_buffer_synchronize
 .text.protocol_main_loop
                0x0000000008007514      0x164 build/protocol.o
                0x0000000008007514                protocol_main_loop
 .text.report_status_message
                0x0000000008007678       0x30 build/report.o
                0x0000000008007678                report_status_message
 .text.report_alarm_message
                0x00000000080076a8       0x2c build/report.o
                0x00000000080076a8                report_alarm_message
 .text.report_feedback_message
                0x00000000080076d4       0xbc build/report.o
                0x00000000080076d4                report_feedback_message
 .text.report_init_message
                0x0000000008007790        0xc build/report.o
                0x0000000008007790                report_init_message
 .text.report_grbl_help
                0x000000000800779c        0xc build/report.o
                0x000000000800779c                report_grbl_help
 .text.report_grbl_settings
                0x00000000080077a8      0x538 build/report.o
                0x00000000080077a8                report_grbl_settings
 .text.report_probe_parameters
                0x0000000008007ce0       0x60 build/report.o
                0x0000000008007ce0                report_probe_parameters
 .text.report_ngc_parameters
                0x0000000008007d40      0x194 build/report.o
                0x0000000008007d40                report_ngc_parameters
 .text.report_gcode_modes
                0x0000000008007ed4      0x16c build/report.o
                0x0000000008007ed4                report_gcode_modes
 .text.report_startup_line
                0x0000000008008040       0x30 build/report.o
                0x0000000008008040                report_startup_line
 .text.report_execute_startup_message
                0x0000000008008070       0x48 build/report.o
                0x0000000008008070                report_execute_startup_message
 .text.report_build_info
                0x00000000080080b8       0x6c build/report.o
                0x00000000080080b8                report_build_info
 .text.report_realtime_status
                0x0000000008008124      0x3b0 build/report.o
                0x0000000008008124                report_realtime_status
 .text.serial_get_rx_buffer_available
                0x00000000080084d4       0x24 build/serial.o
                0x00000000080084d4                serial_get_rx_buffer_available
 .text.serial_init
                0x00000000080084f8        0x4 build/serial.o
                0x00000000080084f8                serial_init
 .text.serial_write
                0x00000000080084fc        0x4 build/serial.o
                0x00000000080084fc                serial_write
 .text.serial_read
                0x0000000008008500       0x30 build/serial.o
                0x0000000008008500                serial_read
 .text.HandleUartIT
                0x0000000008008530       0xfc build/serial.o
                0x0000000008008530                HandleUartIT
 .text.serial_reset_read_buffer
                0x000000000800862c       0x14 build/serial.o
                0x000000000800862c                serial_reset_read_buffer
 .text.settings_store_startup_line
                0x0000000008008640       0x24 build/settings.o
                0x0000000008008640                settings_store_startup_line
 .text.settings_store_build_info
                0x0000000008008664        0xc build/settings.o
                0x0000000008008664                settings_store_build_info
 .text.settings_write_coord_data
                0x0000000008008670       0x24 build/settings.o
                0x0000000008008670                settings_write_coord_data
 .text.settings_restore
                0x0000000008008694      0x12c build/settings.o
                0x0000000008008694                settings_restore
 .text.settings_read_startup_line
                0x00000000080087c0       0x38 build/settings.o
                0x00000000080087c0                settings_read_startup_line
 .text.settings_read_build_info
                0x00000000080087f8       0x28 build/settings.o
                0x00000000080087f8                settings_read_build_info
 .text.settings_read_coord_data
                0x0000000008008820       0x3c build/settings.o
                0x0000000008008820                settings_read_coord_data
 .text.settings_store_global_setting
                0x000000000800885c      0x32c build/settings.o
                0x000000000800885c                settings_store_global_setting
 .text.acceleration_scaling
                0x0000000008008b88       0x7c build/settings.o
                0x0000000008008b88                acceleration_scaling
 .text.settings_init
                0x0000000008008c04      0x158 build/settings.o
                0x0000000008008c04                settings_init
 .text.spindle_init
                0x0000000008008d5c       0x4c build/spindle_control.o
                0x0000000008008d5c                spindle_init
 .text.spindle_get_state
                0x0000000008008da8        0xc build/spindle_control.o
                0x0000000008008da8                spindle_get_state
 .text.spindle_stop
                0x0000000008008db4        0x4 build/spindle_control.o
                0x0000000008008db4                spindle_stop
 .text.spindle_set_speed
                0x0000000008008db8       0x14 build/spindle_control.o
                0x0000000008008db8                spindle_set_speed
 *fill*         0x0000000008008dcc        0x4 
 .text.spindle_compute_pwm_value
                0x0000000008008dd0       0xbc build/spindle_control.o
                0x0000000008008dd0                spindle_compute_pwm_value
 *fill*         0x0000000008008e8c        0x4 
 .text.spindle_set_state
                0x0000000008008e90      0x12c build/spindle_control.o
                0x0000000008008e90                spindle_set_state
 *fill*         0x0000000008008fbc        0x4 
 .text.spindle_sync
                0x0000000008008fc0      0x134 build/spindle_control.o
                0x0000000008008fc0                spindle_sync
 .text.st_wake_up
                0x00000000080090f4       0x88 build/stepper.o
                0x00000000080090f4                st_wake_up
 .text.st_go_idle
                0x000000000800917c       0x84 build/stepper.o
                0x000000000800917c                st_go_idle
 .text.HandleStepSetIT
                0x0000000008009200      0x268 build/stepper.o
                0x0000000008009200                HandleStepSetIT
 .text.HandleStepResetIT
                0x0000000008009468       0x20 build/stepper.o
                0x0000000008009468                HandleStepResetIT
 .text.st_generate_step_dir_invert_masks
                0x0000000008009488       0xa4 build/stepper.o
                0x0000000008009488                st_generate_step_dir_invert_masks
 .text.st_reset
                0x000000000800952c      0x184 build/stepper.o
                0x000000000800952c                st_reset
 .text.stepper_init
                0x00000000080096b0       0x58 build/stepper.o
                0x00000000080096b0                stepper_init
 .text.st_update_plan_block_parameters
                0x0000000008009708       0x2c build/stepper.o
                0x0000000008009708                st_update_plan_block_parameters
 *fill*         0x0000000008009734        0x4 
 .text.st_prep_buffer
                0x0000000008009738      0xc8c build/stepper.o
                0x0000000008009738                st_prep_buffer
 .text.st_get_realtime_rate
                0x000000000800a3c4       0x1c build/stepper.o
                0x000000000800a3c4                st_get_realtime_rate
 .text.system_init
                0x000000000800a3e0        0x4 build/system.o
                0x000000000800a3e0                system_init
 .text.system_control_get_state
                0x000000000800a3e4       0x30 build/system.o
                0x000000000800a3e4                system_control_get_state
 .text.HandleControlIT
                0x000000000800a414       0x98 build/system.o
                0x000000000800a414                HandleControlIT
 .text.system_check_safety_door_ajar
                0x000000000800a4ac       0x2c build/system.o
                0x000000000800a4ac                system_check_safety_door_ajar
 .text.system_execute_startup
                0x000000000800a4d8       0x44 build/system.o
                0x000000000800a4d8                system_execute_startup
 .text.system_execute_line
                0x000000000800a51c      0x3ec build/system.o
                0x000000000800a51c                system_execute_line
 .text.system_flag_wco_change
                0x000000000800a908       0x14 build/system.o
                0x000000000800a908                system_flag_wco_change
 .text.system_convert_array_steps_to_mpos
                0x000000000800a91c       0x38 build/system.o
                0x000000000800a91c                system_convert_array_steps_to_mpos
 .text.system_check_travel_limits
                0x000000000800a954       0x60 build/system.o
                0x000000000800a954                system_check_travel_limits
 .text.system_set_exec_state_flag
                0x000000000800a9b4       0x14 build/system.o
                0x000000000800a9b4                system_set_exec_state_flag
 .text.system_clear_exec_state_flag
                0x000000000800a9c8       0x14 build/system.o
                0x000000000800a9c8                system_clear_exec_state_flag
 .text.system_set_exec_alarm
                0x000000000800a9dc       0x14 build/system.o
                0x000000000800a9dc                system_set_exec_alarm
 .text.system_clear_exec_alarm
                0x000000000800a9f0       0x10 build/system.o
                0x000000000800a9f0                system_clear_exec_alarm
 .text.system_set_exec_motion_override_flag
                0x000000000800aa00       0x14 build/system.o
                0x000000000800aa00                system_set_exec_motion_override_flag
 .text.system_set_exec_accessory_override_flag
                0x000000000800aa14       0x14 build/system.o
                0x000000000800aa14                system_set_exec_accessory_override_flag
 .text.system_clear_exec_motion_overrides
                0x000000000800aa28       0x10 build/system.o
                0x000000000800aa28                system_clear_exec_motion_overrides
 .text.system_clear_exec_accessory_overrides
                0x000000000800aa38       0x10 build/system.o
                0x000000000800aa38                system_clear_exec_accessory_overrides
 .text.Reset_Handler
                0x000000000800aa48       0x48 build/startup_stm32f103xb.o
                0x000000000800aa48                Reset_Handler
 .text.Default_Handler
                0x000000000800aa90        0x2 build/startup_stm32f103xb.o
                0x000000000800aa90                USBWakeUp_IRQHandler
                0x000000000800aa90                EXTI2_IRQHandler
                0x000000000800aa90                TIM1_CC_IRQHandler
                0x000000000800aa90                PVD_IRQHandler
                0x000000000800aa90                I2C2_EV_IRQHandler
                0x000000000800aa90                ADC1_2_IRQHandler
                0x000000000800aa90                SPI1_IRQHandler
                0x000000000800aa90                TAMPER_IRQHandler
                0x000000000800aa90                DMA1_Channel4_IRQHandler
                0x000000000800aa90                USART3_IRQHandler
                0x000000000800aa90                RTC_IRQHandler
                0x000000000800aa90                DMA1_Channel7_IRQHandler
                0x000000000800aa90                CAN1_RX1_IRQHandler
                0x000000000800aa90                TIM4_IRQHandler
                0x000000000800aa90                I2C1_EV_IRQHandler
                0x000000000800aa90                DMA1_Channel6_IRQHandler
                0x000000000800aa90                RCC_IRQHandler
                0x000000000800aa90                TIM1_TRG_COM_IRQHandler
                0x000000000800aa90                DMA1_Channel1_IRQHandler
                0x000000000800aa90                Default_Handler
                0x000000000800aa90                EXTI9_5_IRQHandler
                0x000000000800aa90                SPI2_IRQHandler
                0x000000000800aa90                DMA1_Channel5_IRQHandler
                0x000000000800aa90                USB_LP_CAN1_RX0_IRQHandler
                0x000000000800aa90                USB_HP_CAN1_TX_IRQHandler
                0x000000000800aa90                DMA1_Channel3_IRQHandler
                0x000000000800aa90                TIM1_UP_IRQHandler
                0x000000000800aa90                WWDG_IRQHandler
                0x000000000800aa90                TIM1_BRK_IRQHandler
                0x000000000800aa90                USART2_IRQHandler
                0x000000000800aa90                I2C2_ER_IRQHandler
                0x000000000800aa90                DMA1_Channel2_IRQHandler
                0x000000000800aa90                CAN1_SCE_IRQHandler
                0x000000000800aa90                FLASH_IRQHandler
                0x000000000800aa90                I2C1_ER_IRQHandler
                0x000000000800aa90                RTC_Alarm_IRQHandler
 *fill*         0x000000000800aa92        0x2 
 .text.__libc_init_array
                0x000000000800aa94       0x48 /usr/local/Cellar/gcc-arm-none-eabi/20180627/bin/../lib/gcc/arm-none-eabi/7.3.1/../../../../arm-none-eabi/lib/thumb/v7-m/libc_nano.a(lib_a-init.o)
                0x000000000800aa94                __libc_init_array
 .text.memcmp   0x000000000800aadc       0x1e /usr/local/Cellar/gcc-arm-none-eabi/20180627/bin/../lib/gcc/arm-none-eabi/7.3.1/../../../../arm-none-eabi/lib/thumb/v7-m/libc_nano.a(lib_a-memcmp.o)
                0x000000000800aadc                memcmp
 .text.memset   0x000000000800aafa       0x10 /usr/local/Cellar/gcc-arm-none-eabi/20180627/bin/../lib/gcc/arm-none-eabi/7.3.1/../../../../arm-none-eabi/lib/thumb/v7-m/libc_nano.a(lib_a-memset.o)
                0x000000000800aafa                memset
 *fill*         0x000000000800ab0a        0x2 
 .text.sprintf  0x000000000800ab0c       0x40 /usr/local/Cellar/gcc-arm-none-eabi/20180627/bin/../lib/gcc/arm-none-eabi/7.3.1/../../../../arm-none-eabi/lib/thumb/v7-m/libc_nano.a(lib_a-sprintf.o)
                0x000000000800ab0c                sprintf
                0x000000000800ab0c                siprintf
 .text.__ssputs_r
                0x000000000800ab4c       0xb4 /usr/local/Cellar/gcc-arm-none-eabi/20180627/bin/../lib/gcc/arm-none-eabi/7.3.1/../../../../arm-none-eabi/lib/thumb/v7-m/libc_nano.a(lib_a-nano-svfprintf.o)
                0x000000000800ab4c                __ssputs_r
 .text._svfprintf_r
                0x000000000800ac00      0x1f0 /usr/local/Cellar/gcc-arm-none-eabi/20180627/bin/../lib/gcc/arm-none-eabi/7.3.1/../../../../arm-none-eabi/lib/thumb/v7-m/libc_nano.a(lib_a-nano-svfprintf.o)
                0x000000000800ac00                _svfprintf_r
                0x000000000800ac00                _svfiprintf_r
 .text._printf_common
                0x000000000800adf0       0xec /usr/local/Cellar/gcc-arm-none-eabi/20180627/bin/../lib/gcc/arm-none-eabi/7.3.1/../../../../arm-none-eabi/lib/thumb/v7-m/libc_nano.a(lib_a-nano-vfprintf_i.o)
                0x000000000800adf0                _printf_common
 .text._printf_i
                0x000000000800aedc      0x224 /usr/local/Cellar/gcc-arm-none-eabi/20180627/bin/../lib/gcc/arm-none-eabi/7.3.1/../../../../arm-none-eabi/lib/thumb/v7-m/libc_nano.a(lib_a-nano-vfprintf_i.o)
                0x000000000800aedc                _printf_i
 .text.memchr   0x000000000800b100       0x1c /usr/local/Cellar/gcc-arm-none-eabi/20180627/bin/../lib/gcc/arm-none-eabi/7.3.1/../../../../arm-none-eabi/lib/thumb/v7-m/libc_nano.a(lib_a-memchr-stub.o)
                0x000000000800b100                memchr
 .text.memcpy   0x000000000800b11c       0x16 /usr/local/Cellar/gcc-arm-none-eabi/20180627/bin/../lib/gcc/arm-none-eabi/7.3.1/../../../../arm-none-eabi/lib/thumb/v7-m/libc_nano.a(lib_a-memcpy-stub.o)
                0x000000000800b11c                memcpy
 .text.memmove  0x000000000800b132       0x32 /usr/local/Cellar/gcc-arm-none-eabi/20180627/bin/../lib/gcc/arm-none-eabi/7.3.1/../../../../arm-none-eabi/lib/thumb/v7-m/libc_nano.a(lib_a-memmove.o)
                0x000000000800b132                memmove
 .text._free_r  0x000000000800b164       0x98 /usr/local/Cellar/gcc-arm-none-eabi/20180627/bin/../lib/gcc/arm-none-eabi/7.3.1/../../../../arm-none-eabi/lib/thumb/v7-m/libc_nano.a(lib_a-nano-freer.o)
                0x000000000800b164                _free_r
 .text._malloc_r
                0x000000000800b1fc       0xb4 /usr/local/Cellar/gcc-arm-none-eabi/20180627/bin/../lib/gcc/arm-none-eabi/7.3.1/../../../../arm-none-eabi/lib/thumb/v7-m/libc_nano.a(lib_a-nano-mallocr.o)
                0x000000000800b1fc                _malloc_r
 .text._realloc_r
                0x000000000800b2b0       0x4c /usr/local/Cellar/gcc-arm-none-eabi/20180627/bin/../lib/gcc/arm-none-eabi/7.3.1/../../../../arm-none-eabi/lib/thumb/v7-m/libc_nano.a(lib_a-nano-reallocr.o)
                0x000000000800b2b0                _realloc_r
 .text._sbrk_r  0x000000000800b2fc       0x20 /usr/local/Cellar/gcc-arm-none-eabi/20180627/bin/../lib/gcc/arm-none-eabi/7.3.1/../../../../arm-none-eabi/lib/thumb/v7-m/libc_nano.a(lib_a-sbrkr.o)
                0x000000000800b2fc                _sbrk_r
 .text.__malloc_lock
                0x000000000800b31c        0x2 /usr/local/Cellar/gcc-arm-none-eabi/20180627/bin/../lib/gcc/arm-none-eabi/7.3.1/../../../../arm-none-eabi/lib/thumb/v7-m/libc_nano.a(lib_a-mlock.o)
                0x000000000800b31c                __malloc_lock
 .text.__malloc_unlock
                0x000000000800b31e        0x2 /usr/local/Cellar/gcc-arm-none-eabi/20180627/bin/../lib/gcc/arm-none-eabi/7.3.1/../../../../arm-none-eabi/lib/thumb/v7-m/libc_nano.a(lib_a-mlock.o)
                0x000000000800b31e                __malloc_unlock
 .text._malloc_usable_size_r
                0x000000000800b320       0x10 /usr/local/Cellar/gcc-arm-none-eabi/20180627/bin/../lib/gcc/arm-none-eabi/7.3.1/../../../../arm-none-eabi/lib/thumb/v7-m/libc_nano.a(lib_a-nano-msizer.o)
                0x000000000800b320                _malloc_usable_size_r
 .text.ceil     0x000000000800b330      0x110 /usr/local/Cellar/gcc-arm-none-eabi/20180627/bin/../lib/gcc/arm-none-eabi/7.3.1/../../../../arm-none-eabi/lib/thumb/v7-m/libm.a(lib_a-s_ceil.o)
                0x000000000800b330                ceil
 .text.floor    0x000000000800b440      0x108 /usr/local/Cellar/gcc-arm-none-eabi/20180627/bin/../lib/gcc/arm-none-eabi/7.3.1/../../../../arm-none-eabi/lib/thumb/v7-m/libm.a(lib_a-s_floor.o)
                0x000000000800b440                floor
 .text.lround   0x000000000800b548       0x8c /usr/local/Cellar/gcc-arm-none-eabi/20180627/bin/../lib/gcc/arm-none-eabi/7.3.1/../../../../arm-none-eabi/lib/thumb/v7-m/libm.a(lib_a-s_lround.o)
                0x000000000800b548                lround
 .text.round    0x000000000800b5d4       0x9c /usr/local/Cellar/gcc-arm-none-eabi/20180627/bin/../lib/gcc/arm-none-eabi/7.3.1/../../../../arm-none-eabi/lib/thumb/v7-m/libm.a(lib_a-s_round.o)
                0x000000000800b5d4                round
 .text.trunc    0x000000000800b670       0x64 /usr/local/Cellar/gcc-arm-none-eabi/20180627/bin/../lib/gcc/arm-none-eabi/7.3.1/../../../../arm-none-eabi/lib/thumb/v7-m/libm.a(lib_a-s_trunc.o)
                0x000000000800b670                trunc
 .text.ceilf    0x000000000800b6d4       0x88 /usr/local/Cellar/gcc-arm-none-eabi/20180627/bin/../lib/gcc/arm-none-eabi/7.3.1/../../../../arm-none-eabi/lib/thumb/v7-m/libm.a(lib_a-sf_ceil.o)
                0x000000000800b6d4                ceilf
 .text.cosf     0x000000000800b75c       0x78 /usr/local/Cellar/gcc-arm-none-eabi/20180627/bin/../lib/gcc/arm-none-eabi/7.3.1/../../../../arm-none-eabi/lib/thumb/v7-m/libm.a(lib_a-sf_cos.o)
                0x000000000800b75c                cosf
 .text.sinf     0x000000000800b7d4       0x7c /usr/local/Cellar/gcc-arm-none-eabi/20180627/bin/../lib/gcc/arm-none-eabi/7.3.1/../../../../arm-none-eabi/lib/thumb/v7-m/libm.a(lib_a-sf_sin.o)
                0x000000000800b7d4                sinf
 .text.sqrt     0x000000000800b850       0xbc /usr/local/Cellar/gcc-arm-none-eabi/20180627/bin/../lib/gcc/arm-none-eabi/7.3.1/../../../../arm-none-eabi/lib/thumb/v7-m/libm.a(lib_a-w_sqrt.o)
                0x000000000800b850                sqrt
 .text.atan2f   0x000000000800b90c        0x4 /usr/local/Cellar/gcc-arm-none-eabi/20180627/bin/../lib/gcc/arm-none-eabi/7.3.1/../../../../arm-none-eabi/lib/thumb/v7-m/libm.a(lib_a-wf_atan2.o)
                0x000000000800b90c                atan2f
 .text.sqrtf    0x000000000800b910       0xa0 /usr/local/Cellar/gcc-arm-none-eabi/20180627/bin/../lib/gcc/arm-none-eabi/7.3.1/../../../../arm-none-eabi/lib/thumb/v7-m/libm.a(lib_a-wf_sqrt.o)
                0x000000000800b910                sqrtf
 .text.__ieee754_sqrt
                0x000000000800b9b0      0x184 /usr/local/Cellar/gcc-arm-none-eabi/20180627/bin/../lib/gcc/arm-none-eabi/7.3.1/../../../../arm-none-eabi/lib/thumb/v7-m/libm.a(lib_a-e_sqrt.o)
                0x000000000800b9b0                __ieee754_sqrt
 .text.__ieee754_atan2f
                0x000000000800bb34      0x120 /usr/local/Cellar/gcc-arm-none-eabi/20180627/bin/../lib/gcc/arm-none-eabi/7.3.1/../../../../arm-none-eabi/lib/thumb/v7-m/libm.a(lib_a-ef_atan2.o)
                0x000000000800bb34                __ieee754_atan2f
 .text.__ieee754_rem_pio2f
                0x000000000800bc54      0x2e4 /usr/local/Cellar/gcc-arm-none-eabi/20180627/bin/../lib/gcc/arm-none-eabi/7.3.1/../../../../arm-none-eabi/lib/thumb/v7-m/libm.a(lib_a-ef_rem_pio2.o)
                0x000000000800bc54                __ieee754_rem_pio2f
 .text.__ieee754_sqrtf
                0x000000000800bf38       0xa8 /usr/local/Cellar/gcc-arm-none-eabi/20180627/bin/../lib/gcc/arm-none-eabi/7.3.1/../../../../arm-none-eabi/lib/thumb/v7-m/libm.a(lib_a-ef_sqrt.o)
                0x000000000800bf38                __ieee754_sqrtf
 .text.__kernel_cosf
                0x000000000800bfe0      0x188 /usr/local/Cellar/gcc-arm-none-eabi/20180627/bin/../lib/gcc/arm-none-eabi/7.3.1/../../../../arm-none-eabi/lib/thumb/v7-m/libm.a(lib_a-kf_cos.o)
                0x000000000800bfe0                __kernel_cosf
 .text.__kernel_rem_pio2f
                0x000000000800c168      0x6c4 /usr/local/Cellar/gcc-arm-none-eabi/20180627/bin/../lib/gcc/arm-none-eabi/7.3.1/../../../../arm-none-eabi/lib/thumb/v7-m/libm.a(lib_a-kf_rem_pio2.o)
                0x000000000800c168                __kernel_rem_pio2f
 .text.__kernel_sinf
                0x000000000800c82c       0xec /usr/local/Cellar/gcc-arm-none-eabi/20180627/bin/../lib/gcc/arm-none-eabi/7.3.1/../../../../arm-none-eabi/lib/thumb/v7-m/libm.a(lib_a-kf_sin.o)
                0x000000000800c82c                __kernel_sinf
 .text.matherr  0x000000000800c918        0x4 /usr/local/Cellar/gcc-arm-none-eabi/20180627/bin/../lib/gcc/arm-none-eabi/7.3.1/../../../../arm-none-eabi/lib/thumb/v7-m/libm.a(lib_a-s_matherr.o)
                0x000000000800c918                matherr
 .text.atanf    0x000000000800c91c      0x21c /usr/local/Cellar/gcc-arm-none-eabi/20180627/bin/../lib/gcc/arm-none-eabi/7.3.1/../../../../arm-none-eabi/lib/thumb/v7-m/libm.a(lib_a-sf_atan.o)
                0x000000000800c91c                atanf
 .text.fabsf    0x000000000800cb38        0x8 /usr/local/Cellar/gcc-arm-none-eabi/20180627/bin/../lib/gcc/arm-none-eabi/7.3.1/../../../../arm-none-eabi/lib/thumb/v7-m/libm.a(lib_a-sf_fabs.o)
                0x000000000800cb38                fabsf
 .text.floorf   0x000000000800cb40       0x88 /usr/local/Cellar/gcc-arm-none-eabi/20180627/bin/../lib/gcc/arm-none-eabi/7.3.1/../../../../arm-none-eabi/lib/thumb/v7-m/libm.a(lib_a-sf_floor.o)
                0x000000000800cb40                floorf
 .text.scalbnf  0x000000000800cbc8       0xb0 /usr/local/Cellar/gcc-arm-none-eabi/20180627/bin/../lib/gcc/arm-none-eabi/7.3.1/../../../../arm-none-eabi/lib/thumb/v7-m/libm.a(lib_a-sf_scalbn.o)
                0x000000000800cbc8                scalbnf
 .text.copysignf
                0x000000000800cc78        0xc /usr/local/Cellar/gcc-arm-none-eabi/20180627/bin/../lib/gcc/arm-none-eabi/7.3.1/../../../../arm-none-eabi/lib/thumb/v7-m/libm.a(lib_a-sf_copysign.o)
                0x000000000800cc78                copysignf
 .text._sbrk    0x000000000800cc84       0x1c /usr/local/Cellar/gcc-arm-none-eabi/20180627/bin/../lib/gcc/arm-none-eabi/7.3.1/../../../../arm-none-eabi/lib/thumb/v7-m/libnosys.a(sbrk.o)
                0x000000000800cc84                _sbrk
 .text.__errno  0x000000000800cca0        0xc /usr/local/Cellar/gcc-arm-none-eabi/20180627/bin/../lib/gcc/arm-none-eabi/7.3.1/../../../../arm-none-eabi/lib/thumb/v7-m/libc_nano.a(lib_a-errno.o)
                0x000000000800cca0                __errno
 *(.glue_7)
 .glue_7        0x000000000800ccac        0x0 linker stubs
 *(.glue_7t)
 .glue_7t       0x000000000800ccac        0x0 linker stubs
 *(.eh_frame)
 .eh_frame      0x000000000800ccac        0x0 /usr/local/Cellar/gcc-arm-none-eabi/20180627/bin/../lib/gcc/arm-none-eabi/7.3.1/thumb/v7-m/crtbegin.o
 *(.init)
 .init          0x000000000800ccac        0x4 /usr/local/Cellar/gcc-arm-none-eabi/20180627/bin/../lib/gcc/arm-none-eabi/7.3.1/thumb/v7-m/crti.o
                0x000000000800ccac                _init
 .init          0x000000000800ccb0        0x8 /usr/local/Cellar/gcc-arm-none-eabi/20180627/bin/../lib/gcc/arm-none-eabi/7.3.1/thumb/v7-m/crtn.o
 *(.fini)
 .fini          0x000000000800ccb8        0x4 /usr/local/Cellar/gcc-arm-none-eabi/20180627/bin/../lib/gcc/arm-none-eabi/7.3.1/thumb/v7-m/crti.o
                0x000000000800ccb8                _fini
 .fini          0x000000000800ccbc        0x8 /usr/local/Cellar/gcc-arm-none-eabi/20180627/bin/../lib/gcc/arm-none-eabi/7.3.1/thumb/v7-m/crtn.o
                0x000000000800ccc4                . = ALIGN (0x4)
                0x000000000800ccc4                _etext = .

.vfp11_veneer   0x000000000800ccc4        0x0
 .vfp11_veneer  0x000000000800ccc4        0x0 linker stubs

.v4_bx          0x000000000800ccc4        0x0
 .v4_bx         0x000000000800ccc4        0x0 linker stubs

.iplt           0x000000000800ccc4        0x0
 .iplt          0x000000000800ccc4        0x0 /usr/local/Cellar/gcc-arm-none-eabi/20180627/bin/../lib/gcc/arm-none-eabi/7.3.1/thumb/v7-m/crtbegin.o

.rodata         0x000000000800ccc4      0x6ac
                0x000000000800ccc4                . = ALIGN (0x4)
 *(.rodata)
 .rodata        0x000000000800ccc4       0x10 build/stm32f1xx_hal_rcc.o
 *(.rodata*)
 .rodata.AHBPrescTable
                0x000000000800ccd4       0x10 build/system_stm32f1xx.o
                0x000000000800ccd4                AHBPrescTable
 .rodata.APBPrescTable
                0x000000000800cce4        0x8 build/system_stm32f1xx.o
                0x000000000800cce4                APBPrescTable
 .rodata.outputs_pin_mask
                0x000000000800ccec        0x8 build/inoutputs.o
                0x000000000800ccec                outputs_pin_mask
 .rodata.direction_pin_mask
                0x000000000800ccf4        0x6 build/stm32utilities.o
                0x000000000800ccf4                direction_pin_mask
 *fill*         0x000000000800ccfa        0x2 
 .rodata.limit_pin_mask
                0x000000000800ccfc        0x6 build/stm32utilities.o
                0x000000000800ccfc                limit_pin_mask
 *fill*         0x000000000800cd02        0x2 
 .rodata.step_pin_mask
                0x000000000800cd04        0x6 build/stm32utilities.o
                0x000000000800cd04                step_pin_mask
 *fill*         0x000000000800cd0a        0x2 
 .rodata.uart_init.str1.4
                0x000000000800cd0c        0xf build/stm32utilities.o
 *fill*         0x000000000800cd1b        0x1 
 .rodata.report_alarm_message.str1.4
                0x000000000800cd1c        0x7 build/report.o
 *fill*         0x000000000800cd23        0x1 
 .rodata.report_build_info.str1.4
                0x000000000800cd24       0x22 build/report.o
 *fill*         0x000000000800cd46        0x2 
 .rodata.report_feedback_message.str1.4
                0x000000000800cd48       0xad build/report.o
 *fill*         0x000000000800cdf5        0x3 
 .rodata.report_gcode_modes.str1.4
                0x000000000800cdf8       0x1f build/report.o
 *fill*         0x000000000800ce17        0x1 
 .rodata.report_grbl_help.str1.4
                0x000000000800ce18       0x4a build/report.o
 *fill*         0x000000000800ce62        0x2 
 .rodata.report_init_message.str1.4
                0x000000000800ce64       0x22 build/report.o
 *fill*         0x000000000800ce86        0x2 
 .rodata.report_ngc_parameters.str1.4
                0x000000000800ce88       0x1a build/report.o
 *fill*         0x000000000800cea2        0x2 
 .rodata.report_probe_parameters.str1.4
                0x000000000800cea4        0x6 build/report.o
 *fill*         0x000000000800ceaa        0x2 
 .rodata.report_realtime_status.str1.4
                0x000000000800ceac       0x7b build/report.o
 *fill*         0x000000000800cf27        0x1 
 .rodata.report_startup_line.str1.4
                0x000000000800cf28        0x3 build/report.o
 *fill*         0x000000000800cf2b        0x1 
 .rodata.report_status_message.str1.4
                0x000000000800cf2c        0xf build/report.o
                                         0x13 (size before relaxing)
 .rodata._svfprintf_r.str1.1
                0x000000000800cf3b       0x11 /usr/local/Cellar/gcc-arm-none-eabi/20180627/bin/../lib/gcc/arm-none-eabi/7.3.1/../../../../arm-none-eabi/lib/thumb/v7-m/libc_nano.a(lib_a-nano-svfprintf.o)
 .rodata._printf_i.str1.1
                0x000000000800cf4c       0x22 /usr/local/Cellar/gcc-arm-none-eabi/20180627/bin/../lib/gcc/arm-none-eabi/7.3.1/../../../../arm-none-eabi/lib/thumb/v7-m/libc_nano.a(lib_a-nano-vfprintf_i.o)
 *fill*         0x000000000800cf6e        0x2 
 .rodata.sqrt.str1.4
                0x000000000800cf70        0x5 /usr/local/Cellar/gcc-arm-none-eabi/20180627/bin/../lib/gcc/arm-none-eabi/7.3.1/../../../../arm-none-eabi/lib/thumb/v7-m/libm.a(lib_a-w_sqrt.o)
 *fill*         0x000000000800cf75        0x3 
 .rodata.sqrtf.str1.4
                0x000000000800cf78        0x8 /usr/local/Cellar/gcc-arm-none-eabi/20180627/bin/../lib/gcc/arm-none-eabi/7.3.1/../../../../arm-none-eabi/lib/thumb/v7-m/libm.a(lib_a-wf_sqrt.o)
                                          0x6 (size before relaxing)
 .rodata.npio2_hw
                0x000000000800cf80       0x80 /usr/local/Cellar/gcc-arm-none-eabi/20180627/bin/../lib/gcc/arm-none-eabi/7.3.1/../../../../arm-none-eabi/lib/thumb/v7-m/libm.a(lib_a-ef_rem_pio2.o)
 .rodata.two_over_pi
                0x000000000800d000      0x318 /usr/local/Cellar/gcc-arm-none-eabi/20180627/bin/../lib/gcc/arm-none-eabi/7.3.1/../../../../arm-none-eabi/lib/thumb/v7-m/libm.a(lib_a-ef_rem_pio2.o)
 .rodata.PIo2   0x000000000800d318       0x2c /usr/local/Cellar/gcc-arm-none-eabi/20180627/bin/../lib/gcc/arm-none-eabi/7.3.1/../../../../arm-none-eabi/lib/thumb/v7-m/libm.a(lib_a-kf_rem_pio2.o)
 .rodata.init_jk
                0x000000000800d344        0xc /usr/local/Cellar/gcc-arm-none-eabi/20180627/bin/../lib/gcc/arm-none-eabi/7.3.1/../../../../arm-none-eabi/lib/thumb/v7-m/libm.a(lib_a-kf_rem_pio2.o)
 .rodata.atanhi
                0x000000000800d350       0x10 /usr/local/Cellar/gcc-arm-none-eabi/20180627/bin/../lib/gcc/arm-none-eabi/7.3.1/../../../../arm-none-eabi/lib/thumb/v7-m/libm.a(lib_a-sf_atan.o)
 .rodata.atanlo
                0x000000000800d360       0x10 /usr/local/Cellar/gcc-arm-none-eabi/20180627/bin/../lib/gcc/arm-none-eabi/7.3.1/../../../../arm-none-eabi/lib/thumb/v7-m/libm.a(lib_a-sf_atan.o)
                0x000000000800d370                . = ALIGN (0x4)

.rel.dyn        0x000000000800d370        0x0
 .rel.iplt      0x000000000800d370        0x0 /usr/local/Cellar/gcc-arm-none-eabi/20180627/bin/../lib/gcc/arm-none-eabi/7.3.1/thumb/v7-m/crtbegin.o

.ARM.extab
 *(.ARM.extab* .gnu.linkonce.armextab.*)

.ARM            0x000000000800d370        0x0
                0x000000000800d370                __exidx_start = .
 *(.ARM.exidx*)
                0x000000000800d370                __exidx_end = .

.preinit_array  0x000000000800d370        0x0
                0x000000000800d370                PROVIDE (__preinit_array_start = .)
 *(.preinit_array*)
                0x000000000800d370                PROVIDE (__preinit_array_end = .)

.init_array     0x000000000800d370        0x4
                0x000000000800d370                PROVIDE (__init_array_start = .)
 *(SORT_BY_NAME(.init_array.*))
 *(.init_array*)
 .init_array    0x000000000800d370        0x4 /usr/local/Cellar/gcc-arm-none-eabi/20180627/bin/../lib/gcc/arm-none-eabi/7.3.1/thumb/v7-m/crtbegin.o
                0x000000000800d374                PROVIDE (__init_array_end = .)

.fini_array     0x000000000800d374        0x4
                [!provide]                        PROVIDE (__fini_array_start = .)
 *(SORT_BY_NAME(.fini_array.*))
 *(.fini_array*)
 .fini_array    0x000000000800d374        0x4 /usr/local/Cellar/gcc-arm-none-eabi/20180627/bin/../lib/gcc/arm-none-eabi/7.3.1/thumb/v7-m/crtbegin.o
                [!provide]                        PROVIDE (__fini_array_end = .)
                0x000000000800d378                _sidata = LOADADDR (.data)

.data           0x0000000020000000       0x74 load address 0x000000000800d378
                0x0000000020000000                . = ALIGN (0x4)
                0x0000000020000000                _sdata = .
 *(.data)
 *(.data*)
 .data.uwTickFreq
                0x0000000020000000        0x1 build/stm32f1xx_hal.o
                0x0000000020000000                uwTickFreq
 *fill*         0x0000000020000001        0x3 
 .data.uwTickPrio
                0x0000000020000004        0x4 build/stm32f1xx_hal.o
                0x0000000020000004                uwTickPrio
 .data.SystemCoreClock
                0x0000000020000008        0x4 build/system_stm32f1xx.o
                0x0000000020000008                SystemCoreClock
 .data._impure_ptr
                0x000000002000000c        0x4 /usr/local/Cellar/gcc-arm-none-eabi/20180627/bin/../lib/gcc/arm-none-eabi/7.3.1/../../../../arm-none-eabi/lib/thumb/v7-m/libc_nano.a(lib_a-impure.o)
                0x000000002000000c                _impure_ptr
 .data.impure_data
                0x0000000020000010       0x60 /usr/local/Cellar/gcc-arm-none-eabi/20180627/bin/../lib/gcc/arm-none-eabi/7.3.1/../../../../arm-none-eabi/lib/thumb/v7-m/libc_nano.a(lib_a-impure.o)
 .data.__fdlib_version
                0x0000000020000070        0x1 /usr/local/Cellar/gcc-arm-none-eabi/20180627/bin/../lib/gcc/arm-none-eabi/7.3.1/../../../../arm-none-eabi/lib/thumb/v7-m/libm.a(lib_a-s_lib_ver.o)
                0x0000000020000070                __fdlib_version
                0x0000000020000074                . = ALIGN (0x4)
 *fill*         0x0000000020000071        0x3 
                0x0000000020000074                _edata = .

.igot.plt       0x0000000020000074        0x0 load address 0x000000000800d3ec
 .igot.plt      0x0000000020000074        0x0 /usr/local/Cellar/gcc-arm-none-eabi/20180627/bin/../lib/gcc/arm-none-eabi/7.3.1/thumb/v7-m/crtbegin.o
                0x0000000020000074                . = ALIGN (0x4)

.bss            0x0000000020000078     0x34fc load address 0x000000000800d3ec
                0x0000000020000078                _sbss = .
                0x0000000020000078                __bss_start__ = _sbss
 *(.bss)
 .bss           0x0000000020000078       0x1c /usr/local/Cellar/gcc-arm-none-eabi/20180627/bin/../lib/gcc/arm-none-eabi/7.3.1/thumb/v7-m/crtbegin.o
 *(.bss*)
 .bss.fTICKS_PER_MINUTE
                0x0000000020000094        0x4 build/stm32utilities.o
                0x0000000020000094                fTICKS_PER_MINUTE
 .bss.uTICKS_PER_MICROSECOND
                0x0000000020000098        0x4 build/stm32utilities.o
                0x0000000020000098                uTICKS_PER_MICROSECOND
 .bss.block_buffer
                0x000000002000009c     0x28a0 build/planner.o
 .bss.block_buffer_head
                0x000000002000293c        0x1 build/planner.o
 .bss.block_buffer_planned
                0x000000002000293d        0x1 build/planner.o
 .bss.block_buffer_tail
                0x000000002000293e        0x1 build/planner.o
 .bss.next_buffer_head
                0x000000002000293f        0x1 build/planner.o
 .bss.pl        0x0000000020002940       0x1c build/planner.o
 .bss.line      0x000000002000295c       0x50 build/protocol.o
 .bss.serial_rx_buffer_head
                0x00000000200029ac        0x1 build/serial.o
                0x00000000200029ac                serial_rx_buffer_head
 .bss.serial_rx_buffer_tail
                0x00000000200029ad        0x1 build/serial.o
                0x00000000200029ad                serial_rx_buffer_tail
 *fill*         0x00000000200029ae        0x2 
 .bss.pwm_gradient
                0x00000000200029b0        0x4 build/spindle_control.o
 .bss.busy      0x00000000200029b4        0x1 build/stepper.o
 *fill*         0x00000000200029b5        0x1 
 .bss.dir_port_invert_mask
                0x00000000200029b6        0x2 build/stepper.o
 .bss.pl_block  0x00000000200029b8        0x4 build/stepper.o
 .bss.prep      0x00000000200029bc       0x38 build/stepper.o
 .bss.segment_buffer
                0x00000000200029f4      0x100 build/stepper.o
 .bss.segment_buffer_head
                0x0000000020002af4        0x1 build/stepper.o
 .bss.segment_buffer_tail
                0x0000000020002af5        0x1 build/stepper.o
 .bss.segment_next_head
                0x0000000020002af6        0x1 build/stepper.o
 *fill*         0x0000000020002af7        0x1 
 .bss.st        0x0000000020002af8       0x38 build/stepper.o
 .bss.st_block_buffer
                0x0000000020002b30      0x26c build/stepper.o
 .bss.st_prep_block
                0x0000000020002d9c        0x4 build/stepper.o
 .bss.step_port_invert_mask
                0x0000000020002da0        0x2 build/stepper.o
 *fill*         0x0000000020002da2        0x2 
 .bss.__malloc_free_list
                0x0000000020002da4        0x4 /usr/local/Cellar/gcc-arm-none-eabi/20180627/bin/../lib/gcc/arm-none-eabi/7.3.1/../../../../arm-none-eabi/lib/thumb/v7-m/libc_nano.a(lib_a-nano-mallocr.o)
                0x0000000020002da4                __malloc_free_list
 .bss.__malloc_sbrk_start
                0x0000000020002da8        0x4 /usr/local/Cellar/gcc-arm-none-eabi/20180627/bin/../lib/gcc/arm-none-eabi/7.3.1/../../../../arm-none-eabi/lib/thumb/v7-m/libc_nano.a(lib_a-nano-mallocr.o)
                0x0000000020002da8                __malloc_sbrk_start
 .bss.heap_end.4102
                0x0000000020002dac        0x4 /usr/local/Cellar/gcc-arm-none-eabi/20180627/bin/../lib/gcc/arm-none-eabi/7.3.1/../../../../arm-none-eabi/lib/thumb/v7-m/libnosys.a(sbrk.o)
 *(COMMON)
 COMMON         0x0000000020002db0       0x35 build/main.o
                0x0000000020002db0                sys_rt_exec_motion_override
                0x0000000020002db4                sys
                0x0000000020002dc8                sys_rt_exec_accessory_override
                0x0000000020002dc9                sys_rt_exec_state
                0x0000000020002dca                sys_probe_state
                0x0000000020002dcc                sys_probe_position
                0x0000000020002dd8                sys_position
                0x0000000020002de4                sys_rt_exec_alarm
 *fill*         0x0000000020002de5        0x3 
 COMMON         0x0000000020002de8       0x54 build/i2c.o
                0x0000000020002de8                hi2c1
 COMMON         0x0000000020002e3c        0x4 build/stm32f1xx_hal.o
                0x0000000020002e3c                uwTick
 COMMON         0x0000000020002e40       0x20 build/stm32f1xx_hal_flash.o
                0x0000000020002e40                pFlash
 COMMON         0x0000000020002e60       0x79 build/stm32utilities.o
                0x0000000020002e60                pDbgStr
                0x0000000020002eb0                pDbgVal8a
                0x0000000020002ebc                pDbgVal16
                0x0000000020002ed0                pDbgVal8b
 *fill*         0x0000000020002ed9        0x3 
 COMMON         0x0000000020002edc      0x400 build/eeprom.o
                0x0000000020002edc                EE_Buffer
 COMMON         0x00000000200032dc       0x94 build/gcode.o
                0x00000000200032dc                gc_state
                0x0000000020003324                gc_block
 COMMON         0x0000000020003370        0x2 build/probe.o
                0x0000000020003370                probe_invert_mask
 *fill*         0x0000000020003372        0x2 
 COMMON         0x0000000020003374      0x17e build/serial.o
                0x0000000020003374                serial_tx_buffer
                0x00000000200033f4                serial_rx_buffer
 *fill*         0x00000000200034f2        0x2 
 COMMON         0x00000000200034f4       0x7c build/settings.o
                0x00000000200034f4                settings
                0x0000000020003558                adjustments
 COMMON         0x0000000020003570        0x4 /usr/local/Cellar/gcc-arm-none-eabi/20180627/bin/../lib/gcc/arm-none-eabi/7.3.1/../../../../arm-none-eabi/lib/thumb/v7-m/libc_nano.a(lib_a-reent.o)
                0x0000000020003570                errno
                0x0000000020003574                . = ALIGN (0x4)
                0x0000000020003574                _ebss = .
                0x0000000020003574                __bss_end__ = _ebss

._user_heap_stack
                0x0000000020003574      0x604 load address 0x000000000800d3ec
                0x0000000020003578                . = ALIGN (0x8)
 *fill*         0x0000000020003574        0x4 
                0x0000000020003578                PROVIDE (end = .)
                [!provide]                        PROVIDE (_end = .)
                0x0000000020003778                . = (. + _Min_Heap_Size)
 *fill*         0x0000000020003578      0x200 
                0x0000000020003b78                . = (. + _Min_Stack_Size)
 *fill*         0x0000000020003778      0x400 
                0x0000000020003b78                . = ALIGN (0x8)

/DISCARD/
 libc.a(*)
 libm.a(*)
 libgcc.a(*)

.ARM.attributes
                0x0000000000000000       0x29
 *(.ARM.attributes)
 .ARM.attributes
                0x0000000000000000       0x1d /usr/local/Cellar/gcc-arm-none-eabi/20180627/bin/../lib/gcc/arm-none-eabi/7.3.1/thumb/v7-m/crti.o
 .ARM.attributes
                0x000000000000001d       0x2d /usr/local/Cellar/gcc-arm-none-eabi/20180627/bin/../lib/gcc/arm-none-eabi/7.3.1/thumb/v7-m/crtbegin.o
 .ARM.attributes
                0x000000000000004a       0x33 build/main.o
 .ARM.attributes
                0x000000000000007d       0x33 build/gpio.o
 .ARM.attributes
                0x00000000000000b0       0x33 build/i2c.o
 .ARM.attributes
                0x00000000000000e3       0x33 build/tim.o
 .ARM.attributes
                0x0000000000000116       0x33 build/usart.o
 .ARM.attributes
                0x0000000000000149       0x33 build/stm32f1xx_it.o
 .ARM.attributes
                0x000000000000017c       0x33 build/stm32f1xx_hal_msp.o
 .ARM.attributes
                0x00000000000001af       0x33 build/stm32f1xx_hal_i2c.o
 .ARM.attributes
                0x00000000000001e2       0x33 build/stm32f1xx_hal.o
 .ARM.attributes
                0x0000000000000215       0x33 build/stm32f1xx_hal_rcc.o
 .ARM.attributes
                0x0000000000000248       0x33 build/stm32f1xx_hal_gpio.o
 .ARM.attributes
                0x000000000000027b       0x33 build/stm32f1xx_hal_cortex.o
 .ARM.attributes
                0x00000000000002ae       0x33 build/stm32f1xx_hal_flash.o
 .ARM.attributes
                0x00000000000002e1       0x33 build/stm32f1xx_hal_flash_ex.o
 .ARM.attributes
                0x0000000000000314       0x33 build/stm32f1xx_ll_rcc.o
 .ARM.attributes
                0x0000000000000347       0x33 build/stm32f1xx_ll_tim.o
 .ARM.attributes
                0x000000000000037a       0x33 build/stm32f1xx_ll_gpio.o
 .ARM.attributes
                0x00000000000003ad       0x33 build/stm32f1xx_ll_usart.o
 .ARM.attributes
                0x00000000000003e0       0x33 build/system_stm32f1xx.o
 .ARM.attributes
                0x0000000000000413       0x33 build/inoutputs.o
 .ARM.attributes
                0x0000000000000446       0x33 build/stm32utilities.o
 .ARM.attributes
                0x0000000000000479       0x33 build/coolant_control.o
 .ARM.attributes
                0x00000000000004ac       0x33 build/eeprom.o
 .ARM.attributes
                0x00000000000004df       0x33 build/gcode.o
 .ARM.attributes
                0x0000000000000512       0x33 build/jog.o
 .ARM.attributes
                0x0000000000000545       0x33 build/limits.o
 .ARM.attributes
                0x0000000000000578       0x33 build/motion_control.o
 .ARM.attributes
                0x00000000000005ab       0x33 build/nuts_bolts.o
 .ARM.attributes
                0x00000000000005de       0x33 build/planner.o
 .ARM.attributes
                0x0000000000000611       0x33 build/print.o
 .ARM.attributes
                0x0000000000000644       0x33 build/probe.o
 .ARM.attributes
                0x0000000000000677       0x33 build/protocol.o
 .ARM.attributes
                0x00000000000006aa       0x33 build/report.o
 .ARM.attributes
                0x00000000000006dd       0x33 build/serial.o
 .ARM.attributes
                0x0000000000000710       0x33 build/settings.o
 .ARM.attributes
                0x0000000000000743       0x33 build/spindle_control.o
 .ARM.attributes
                0x0000000000000776       0x33 build/stepper.o
 .ARM.attributes
                0x00000000000007a9       0x33 build/system.o
 .ARM.attributes
                0x00000000000007dc       0x21 build/startup_stm32f103xb.o
 .ARM.attributes
                0x00000000000007fd       0x2d /usr/local/Cellar/gcc-arm-none-eabi/20180627/bin/../lib/gcc/arm-none-eabi/7.3.1/../../../../arm-none-eabi/lib/thumb/v7-m/libc_nano.a(lib_a-impure.o)
 .ARM.attributes
                0x000000000000082a       0x2d /usr/local/Cellar/gcc-arm-none-eabi/20180627/bin/../lib/gcc/arm-none-eabi/7.3.1/../../../../arm-none-eabi/lib/thumb/v7-m/libc_nano.a(lib_a-init.o)
 .ARM.attributes
                0x0000000000000857       0x2d /usr/local/Cellar/gcc-arm-none-eabi/20180627/bin/../lib/gcc/arm-none-eabi/7.3.1/../../../../arm-none-eabi/lib/thumb/v7-m/libc_nano.a(lib_a-memcmp.o)
 .ARM.attributes
                0x0000000000000884       0x2d /usr/local/Cellar/gcc-arm-none-eabi/20180627/bin/../lib/gcc/arm-none-eabi/7.3.1/../../../../arm-none-eabi/lib/thumb/v7-m/libc_nano.a(lib_a-memset.o)
 .ARM.attributes
                0x00000000000008b1       0x2d /usr/local/Cellar/gcc-arm-none-eabi/20180627/bin/../lib/gcc/arm-none-eabi/7.3.1/../../../../arm-none-eabi/lib/thumb/v7-m/libc_nano.a(lib_a-sprintf.o)
 .ARM.attributes
                0x00000000000008de       0x2d /usr/local/Cellar/gcc-arm-none-eabi/20180627/bin/../lib/gcc/arm-none-eabi/7.3.1/../../../../arm-none-eabi/lib/thumb/v7-m/libc_nano.a(lib_a-nano-svfprintf.o)
 .ARM.attributes
                0x000000000000090b       0x2d /usr/local/Cellar/gcc-arm-none-eabi/20180627/bin/../lib/gcc/arm-none-eabi/7.3.1/../../../../arm-none-eabi/lib/thumb/v7-m/libc_nano.a(lib_a-nano-vfprintf_i.o)
 .ARM.attributes
                0x0000000000000938       0x2d /usr/local/Cellar/gcc-arm-none-eabi/20180627/bin/../lib/gcc/arm-none-eabi/7.3.1/../../../../arm-none-eabi/lib/thumb/v7-m/libc_nano.a(lib_a-memchr-stub.o)
 .ARM.attributes
                0x0000000000000965       0x2d /usr/local/Cellar/gcc-arm-none-eabi/20180627/bin/../lib/gcc/arm-none-eabi/7.3.1/../../../../arm-none-eabi/lib/thumb/v7-m/libc_nano.a(lib_a-memcpy-stub.o)
 .ARM.attributes
                0x0000000000000992       0x2d /usr/local/Cellar/gcc-arm-none-eabi/20180627/bin/../lib/gcc/arm-none-eabi/7.3.1/../../../../arm-none-eabi/lib/thumb/v7-m/libc_nano.a(lib_a-memmove.o)
 .ARM.attributes
                0x00000000000009bf       0x2d /usr/local/Cellar/gcc-arm-none-eabi/20180627/bin/../lib/gcc/arm-none-eabi/7.3.1/../../../../arm-none-eabi/lib/thumb/v7-m/libc_nano.a(lib_a-nano-freer.o)
 .ARM.attributes
                0x00000000000009ec       0x2d /usr/local/Cellar/gcc-arm-none-eabi/20180627/bin/../lib/gcc/arm-none-eabi/7.3.1/../../../../arm-none-eabi/lib/thumb/v7-m/libc_nano.a(lib_a-nano-mallocr.o)
 .ARM.attributes
                0x0000000000000a19       0x2d /usr/local/Cellar/gcc-arm-none-eabi/20180627/bin/../lib/gcc/arm-none-eabi/7.3.1/../../../../arm-none-eabi/lib/thumb/v7-m/libc_nano.a(lib_a-nano-reallocr.o)
 .ARM.attributes
                0x0000000000000a46       0x2d /usr/local/Cellar/gcc-arm-none-eabi/20180627/bin/../lib/gcc/arm-none-eabi/7.3.1/../../../../arm-none-eabi/lib/thumb/v7-m/libc_nano.a(lib_a-sbrkr.o)
 .ARM.attributes
                0x0000000000000a73       0x2d /usr/local/Cellar/gcc-arm-none-eabi/20180627/bin/../lib/gcc/arm-none-eabi/7.3.1/../../../../arm-none-eabi/lib/thumb/v7-m/libc_nano.a(lib_a-mlock.o)
 .ARM.attributes
                0x0000000000000aa0       0x2d /usr/local/Cellar/gcc-arm-none-eabi/20180627/bin/../lib/gcc/arm-none-eabi/7.3.1/../../../../arm-none-eabi/lib/thumb/v7-m/libc_nano.a(lib_a-nano-msizer.o)
 .ARM.attributes
                0x0000000000000acd       0x2d /usr/local/Cellar/gcc-arm-none-eabi/20180627/bin/../lib/gcc/arm-none-eabi/7.3.1/../../../../arm-none-eabi/lib/thumb/v7-m/libc_nano.a(lib_a-reent.o)
 .ARM.attributes
                0x0000000000000afa       0x2d /usr/local/Cellar/gcc-arm-none-eabi/20180627/bin/../lib/gcc/arm-none-eabi/7.3.1/../../../../arm-none-eabi/lib/thumb/v7-m/libm.a(lib_a-s_ceil.o)
 .ARM.attributes
                0x0000000000000b27       0x2d /usr/local/Cellar/gcc-arm-none-eabi/20180627/bin/../lib/gcc/arm-none-eabi/7.3.1/../../../../arm-none-eabi/lib/thumb/v7-m/libm.a(lib_a-s_floor.o)
 .ARM.attributes
                0x0000000000000b54       0x2d /usr/local/Cellar/gcc-arm-none-eabi/20180627/bin/../lib/gcc/arm-none-eabi/7.3.1/../../../../arm-none-eabi/lib/thumb/v7-m/libm.a(lib_a-s_lround.o)
 .ARM.attributes
                0x0000000000000b81       0x2d /usr/local/Cellar/gcc-arm-none-eabi/20180627/bin/../lib/gcc/arm-none-eabi/7.3.1/../../../../arm-none-eabi/lib/thumb/v7-m/libm.a(lib_a-s_round.o)
 .ARM.attributes
                0x0000000000000bae       0x2d /usr/local/Cellar/gcc-arm-none-eabi/20180627/bin/../lib/gcc/arm-none-eabi/7.3.1/../../../../arm-none-eabi/lib/thumb/v7-m/libm.a(lib_a-s_trunc.o)
 .ARM.attributes
                0x0000000000000bdb       0x2d /usr/local/Cellar/gcc-arm-none-eabi/20180627/bin/../lib/gcc/arm-none-eabi/7.3.1/../../../../arm-none-eabi/lib/thumb/v7-m/libm.a(lib_a-sf_ceil.o)
 .ARM.attributes
                0x0000000000000c08       0x2d /usr/local/Cellar/gcc-arm-none-eabi/20180627/bin/../lib/gcc/arm-none-eabi/7.3.1/../../../../arm-none-eabi/lib/thumb/v7-m/libm.a(lib_a-sf_cos.o)
 .ARM.attributes
                0x0000000000000c35       0x2d /usr/local/Cellar/gcc-arm-none-eabi/20180627/bin/../lib/gcc/arm-none-eabi/7.3.1/../../../../arm-none-eabi/lib/thumb/v7-m/libm.a(lib_a-sf_sin.o)
 .ARM.attributes
                0x0000000000000c62       0x2d /usr/local/Cellar/gcc-arm-none-eabi/20180627/bin/../lib/gcc/arm-none-eabi/7.3.1/../../../../arm-none-eabi/lib/thumb/v7-m/libm.a(lib_a-w_sqrt.o)
 .ARM.attributes
                0x0000000000000c8f       0x2d /usr/local/Cellar/gcc-arm-none-eabi/20180627/bin/../lib/gcc/arm-none-eabi/7.3.1/../../../../arm-none-eabi/lib/thumb/v7-m/libm.a(lib_a-wf_atan2.o)
 .ARM.attributes
                0x0000000000000cbc       0x2d /usr/local/Cellar/gcc-arm-none-eabi/20180627/bin/../lib/gcc/arm-none-eabi/7.3.1/../../../../arm-none-eabi/lib/thumb/v7-m/libm.a(lib_a-wf_sqrt.o)
 .ARM.attributes
                0x0000000000000ce9       0x2d /usr/local/Cellar/gcc-arm-none-eabi/20180627/bin/../lib/gcc/arm-none-eabi/7.3.1/../../../../arm-none-eabi/lib/thumb/v7-m/libm.a(lib_a-e_sqrt.o)
 .ARM.attributes
                0x0000000000000d16       0x2d /usr/local/Cellar/gcc-arm-none-eabi/20180627/bin/../lib/gcc/arm-none-eabi/7.3.1/../../../../arm-none-eabi/lib/thumb/v7-m/libm.a(lib_a-ef_atan2.o)
 .ARM.attributes
                0x0000000000000d43       0x2d /usr/local/Cellar/gcc-arm-none-eabi/20180627/bin/../lib/gcc/arm-none-eabi/7.3.1/../../../../arm-none-eabi/lib/thumb/v7-m/libm.a(lib_a-ef_rem_pio2.o)
 .ARM.attributes
                0x0000000000000d70       0x2d /usr/local/Cellar/gcc-arm-none-eabi/20180627/bin/../lib/gcc/arm-none-eabi/7.3.1/../../../../arm-none-eabi/lib/thumb/v7-m/libm.a(lib_a-ef_sqrt.o)
 .ARM.attributes
                0x0000000000000d9d       0x2d /usr/local/Cellar/gcc-arm-none-eabi/20180627/bin/../lib/gcc/arm-none-eabi/7.3.1/../../../../arm-none-eabi/lib/thumb/v7-m/libm.a(lib_a-kf_cos.o)
 .ARM.attributes
                0x0000000000000dca       0x2d /usr/local/Cellar/gcc-arm-none-eabi/20180627/bin/../lib/gcc/arm-none-eabi/7.3.1/../../../../arm-none-eabi/lib/thumb/v7-m/libm.a(lib_a-kf_rem_pio2.o)
 .ARM.attributes
                0x0000000000000df7       0x2d /usr/local/Cellar/gcc-arm-none-eabi/20180627/bin/../lib/gcc/arm-none-eabi/7.3.1/../../../../arm-none-eabi/lib/thumb/v7-m/libm.a(lib_a-kf_sin.o)
 .ARM.attributes
                0x0000000000000e24       0x2d /usr/local/Cellar/gcc-arm-none-eabi/20180627/bin/../lib/gcc/arm-none-eabi/7.3.1/../../../../arm-none-eabi/lib/thumb/v7-m/libm.a(lib_a-s_lib_ver.o)
 .ARM.attributes
                0x0000000000000e51       0x2d /usr/local/Cellar/gcc-arm-none-eabi/20180627/bin/../lib/gcc/arm-none-eabi/7.3.1/../../../../arm-none-eabi/lib/thumb/v7-m/libm.a(lib_a-s_matherr.o)
 .ARM.attributes
                0x0000000000000e7e       0x2d /usr/local/Cellar/gcc-arm-none-eabi/20180627/bin/../lib/gcc/arm-none-eabi/7.3.1/../../../../arm-none-eabi/lib/thumb/v7-m/libm.a(lib_a-sf_atan.o)
 .ARM.attributes
                0x0000000000000eab       0x2d /usr/local/Cellar/gcc-arm-none-eabi/20180627/bin/../lib/gcc/arm-none-eabi/7.3.1/../../../../arm-none-eabi/lib/thumb/v7-m/libm.a(lib_a-sf_fabs.o)
 .ARM.attributes
                0x0000000000000ed8       0x2d /usr/local/Cellar/gcc-arm-none-eabi/20180627/bin/../lib/gcc/arm-none-eabi/7.3.1/../../../../arm-none-eabi/lib/thumb/v7-m/libm.a(lib_a-sf_floor.o)
 .ARM.attributes
                0x0000000000000f05       0x2d /usr/local/Cellar/gcc-arm-none-eabi/20180627/bin/../lib/gcc/arm-none-eabi/7.3.1/../../../../arm-none-eabi/lib/thumb/v7-m/libm.a(lib_a-sf_scalbn.o)
 .ARM.attributes
                0x0000000000000f32       0x2d /usr/local/Cellar/gcc-arm-none-eabi/20180627/bin/../lib/gcc/arm-none-eabi/7.3.1/../../../../arm-none-eabi/lib/thumb/v7-m/libm.a(lib_a-sf_copysign.o)
 .ARM.attributes
                0x0000000000000f5f       0x2d /usr/local/Cellar/gcc-arm-none-eabi/20180627/bin/../lib/gcc/arm-none-eabi/7.3.1/../../../../arm-none-eabi/lib/thumb/v7-m/libnosys.a(sbrk.o)
 .ARM.attributes
                0x0000000000000f8c       0x1d /usr/local/Cellar/gcc-arm-none-eabi/20180627/bin/../lib/gcc/arm-none-eabi/7.3.1/thumb/v7-m/libgcc.a(_arm_addsubdf3.o)
 .ARM.attributes
                0x0000000000000fa9       0x1d /usr/local/Cellar/gcc-arm-none-eabi/20180627/bin/../lib/gcc/arm-none-eabi/7.3.1/thumb/v7-m/libgcc.a(_arm_muldivdf3.o)
 .ARM.attributes
                0x0000000000000fc6       0x1d /usr/local/Cellar/gcc-arm-none-eabi/20180627/bin/../lib/gcc/arm-none-eabi/7.3.1/thumb/v7-m/libgcc.a(_arm_cmpdf2.o)
 .ARM.attributes
                0x0000000000000fe3       0x1d /usr/local/Cellar/gcc-arm-none-eabi/20180627/bin/../lib/gcc/arm-none-eabi/7.3.1/thumb/v7-m/libgcc.a(_arm_unorddf2.o)
 .ARM.attributes
                0x0000000000001000       0x1d /usr/local/Cellar/gcc-arm-none-eabi/20180627/bin/../lib/gcc/arm-none-eabi/7.3.1/thumb/v7-m/libgcc.a(_arm_fixdfsi.o)
 .ARM.attributes
                0x000000000000101d       0x1d /usr/local/Cellar/gcc-arm-none-eabi/20180627/bin/../lib/gcc/arm-none-eabi/7.3.1/thumb/v7-m/libgcc.a(_arm_fixunsdfsi.o)
 .ARM.attributes
                0x000000000000103a       0x1d /usr/local/Cellar/gcc-arm-none-eabi/20180627/bin/../lib/gcc/arm-none-eabi/7.3.1/thumb/v7-m/libgcc.a(_arm_truncdfsf2.o)
 .ARM.attributes
                0x0000000000001057       0x1d /usr/local/Cellar/gcc-arm-none-eabi/20180627/bin/../lib/gcc/arm-none-eabi/7.3.1/thumb/v7-m/libgcc.a(_arm_addsubsf3.o)
 .ARM.attributes
                0x0000000000001074       0x1d /usr/local/Cellar/gcc-arm-none-eabi/20180627/bin/../lib/gcc/arm-none-eabi/7.3.1/thumb/v7-m/libgcc.a(_arm_muldivsf3.o)
 .ARM.attributes
                0x0000000000001091       0x1d /usr/local/Cellar/gcc-arm-none-eabi/20180627/bin/../lib/gcc/arm-none-eabi/7.3.1/thumb/v7-m/libgcc.a(_arm_cmpsf2.o)
 .ARM.attributes
                0x00000000000010ae       0x1d /usr/local/Cellar/gcc-arm-none-eabi/20180627/bin/../lib/gcc/arm-none-eabi/7.3.1/thumb/v7-m/libgcc.a(_arm_unordsf2.o)
 .ARM.attributes
                0x00000000000010cb       0x1d /usr/local/Cellar/gcc-arm-none-eabi/20180627/bin/../lib/gcc/arm-none-eabi/7.3.1/thumb/v7-m/libgcc.a(_arm_fixsfsi.o)
 .ARM.attributes
                0x00000000000010e8       0x1d /usr/local/Cellar/gcc-arm-none-eabi/20180627/bin/../lib/gcc/arm-none-eabi/7.3.1/thumb/v7-m/libgcc.a(_arm_fixunssfsi.o)
 .ARM.attributes
                0x0000000000001105       0x2d /usr/local/Cellar/gcc-arm-none-eabi/20180627/bin/../lib/gcc/arm-none-eabi/7.3.1/../../../../arm-none-eabi/lib/thumb/v7-m/libc_nano.a(lib_a-errno.o)
 .ARM.attributes
                0x0000000000001132       0x1d /usr/local/Cellar/gcc-arm-none-eabi/20180627/bin/../lib/gcc/arm-none-eabi/7.3.1/thumb/v7-m/crtn.o
OUTPUT(build/Grbl32_F103C8.elf elf32-littlearm)

.debug_info     0x0000000000000000    0x30766
 .debug_info    0x0000000000000000     0x2074 build/main.o
 .debug_info    0x0000000000002074      0x6d4 build/gpio.o
 .debug_info    0x0000000000002748      0xaa3 build/i2c.o
 .debug_info    0x00000000000031eb     0x11a8 build/tim.o
 .debug_info    0x0000000000004393      0x694 build/usart.o
 .debug_info    0x0000000000004a27     0x1af2 build/stm32f1xx_it.o
 .debug_info    0x0000000000006519      0x378 build/stm32f1xx_hal_msp.o
 .debug_info    0x0000000000006891     0x3e8a build/stm32f1xx_hal_i2c.o
 .debug_info    0x000000000000a71b      0x87d build/stm32f1xx_hal.o
 .debug_info    0x000000000000af98      0xb30 build/stm32f1xx_hal_rcc.o
 .debug_info    0x000000000000bac8      0x705 build/stm32f1xx_hal_gpio.o
 .debug_info    0x000000000000c1cd      0xd54 build/stm32f1xx_hal_cortex.o
 .debug_info    0x000000000000cf21      0x817 build/stm32f1xx_hal_flash.o
 .debug_info    0x000000000000d738      0xccb build/stm32f1xx_hal_flash_ex.o
 .debug_info    0x000000000000e403      0xa71 build/stm32f1xx_ll_rcc.o
 .debug_info    0x000000000000ee74     0x11e9 build/stm32f1xx_ll_tim.o
 .debug_info    0x000000000001005d      0x891 build/stm32f1xx_ll_gpio.o
 .debug_info    0x00000000000108ee      0x7fd build/stm32f1xx_ll_usart.o
 .debug_info    0x00000000000110eb      0x48e build/system_stm32f1xx.o
 .debug_info    0x0000000000011579     0x1699 build/inoutputs.o
 .debug_info    0x0000000000012c12     0x18b5 build/stm32utilities.o
 .debug_info    0x00000000000144c7     0x13c6 build/coolant_control.o
 .debug_info    0x000000000001588d     0x1501 build/eeprom.o
 .debug_info    0x0000000000016d8e     0x19de build/gcode.o
 .debug_info    0x000000000001876c     0x121c build/jog.o
 .debug_info    0x0000000000019988     0x19a6 build/limits.o
 .debug_info    0x000000000001b32e     0x1b2e build/motion_control.o
 .debug_info    0x000000000001ce5c     0x1457 build/nuts_bolts.o
 .debug_info    0x000000000001e2b3     0x18a7 build/planner.o
 .debug_info    0x000000000001fb5a     0x16b7 build/print.o
 .debug_info    0x0000000000021211     0x11e2 build/probe.o
 .debug_info    0x00000000000223f3     0x1dfc build/protocol.o
 .debug_info    0x00000000000241ef     0x3f54 build/report.o
 .debug_info    0x0000000000028143     0x1402 build/serial.o
 .debug_info    0x0000000000029545     0x1a50 build/settings.o
 .debug_info    0x000000000002af95     0x1775 build/spindle_control.o
 .debug_info    0x000000000002c70a     0x24fd build/stepper.o
 .debug_info    0x000000000002ec07     0x1b3d build/system.o
 .debug_info    0x0000000000030744       0x22 build/startup_stm32f103xb.o

.debug_abbrev   0x0000000000000000     0x77ed
 .debug_abbrev  0x0000000000000000      0x361 build/main.o
 .debug_abbrev  0x0000000000000361      0x18a build/gpio.o
 .debug_abbrev  0x00000000000004eb      0x21c build/i2c.o
 .debug_abbrev  0x0000000000000707      0x25e build/tim.o
 .debug_abbrev  0x0000000000000965      0x1f3 build/usart.o
 .debug_abbrev  0x0000000000000b58      0x3c3 build/stm32f1xx_it.o
 .debug_abbrev  0x0000000000000f1b      0x11e build/stm32f1xx_hal_msp.o
 .debug_abbrev  0x0000000000001039      0x3b6 build/stm32f1xx_hal_i2c.o
 .debug_abbrev  0x00000000000013ef      0x251 build/stm32f1xx_hal.o
 .debug_abbrev  0x0000000000001640      0x320 build/stm32f1xx_hal_rcc.o
 .debug_abbrev  0x0000000000001960      0x211 build/stm32f1xx_hal_gpio.o
 .debug_abbrev  0x0000000000001b71      0x310 build/stm32f1xx_hal_cortex.o
 .debug_abbrev  0x0000000000001e81      0x33f build/stm32f1xx_hal_flash.o
 .debug_abbrev  0x00000000000021c0      0x319 build/stm32f1xx_hal_flash_ex.o
 .debug_abbrev  0x00000000000024d9      0x2f9 build/stm32f1xx_ll_rcc.o
 .debug_abbrev  0x00000000000027d2      0x290 build/stm32f1xx_ll_tim.o
 .debug_abbrev  0x0000000000002a62      0x271 build/stm32f1xx_ll_gpio.o
 .debug_abbrev  0x0000000000002cd3      0x288 build/stm32f1xx_ll_usart.o
 .debug_abbrev  0x0000000000002f5b      0x133 build/system_stm32f1xx.o
 .debug_abbrev  0x000000000000308e      0x3f2 build/inoutputs.o
 .debug_abbrev  0x0000000000003480      0x3be build/stm32utilities.o
 .debug_abbrev  0x000000000000383e      0x35b build/coolant_control.o
 .debug_abbrev  0x0000000000003b99      0x3c5 build/eeprom.o
 .debug_abbrev  0x0000000000003f5e      0x32d build/gcode.o
 .debug_abbrev  0x000000000000428b      0x231 build/jog.o
 .debug_abbrev  0x00000000000044bc      0x46d build/limits.o
 .debug_abbrev  0x0000000000004929      0x3a4 build/motion_control.o
 .debug_abbrev  0x0000000000004ccd      0x36b build/nuts_bolts.o
 .debug_abbrev  0x0000000000005038      0x512 build/planner.o
 .debug_abbrev  0x000000000000554a      0x38f build/print.o
 .debug_abbrev  0x00000000000058d9      0x2ce build/probe.o
 .debug_abbrev  0x0000000000005ba7      0x377 build/protocol.o
 .debug_abbrev  0x0000000000005f1e      0x476 build/report.o
 .debug_abbrev  0x0000000000006394      0x2c5 build/serial.o
 .debug_abbrev  0x0000000000006659      0x43d build/settings.o
 .debug_abbrev  0x0000000000006a96      0x3ea build/spindle_control.o
 .debug_abbrev  0x0000000000006e80      0x47e build/stepper.o
 .debug_abbrev  0x00000000000072fe      0x4dd build/system.o
 .debug_abbrev  0x00000000000077db       0x12 build/startup_stm32f103xb.o

.debug_loc      0x0000000000000000    0x123d1